Archive member included to satisfy reference by file (symbol)

/usr/local/src/arm-gnu-toolchain-13.2/bin/../lib/gcc/arm-none-eabi/13.2.1/../../../../arm-none-eabi/lib/thumb/v7-m/nofp/libc_nano.a(libc_a-exit.o)
                              /usr/local/src/arm-gnu-toolchain-13.2/bin/../lib/gcc/arm-none-eabi/13.2.1/../../../../arm-none-eabi/lib/thumb/v7-m/nofp/crt0.o (exit)
/usr/local/src/arm-gnu-toolchain-13.2/bin/../lib/gcc/arm-none-eabi/13.2.1/../../../../arm-none-eabi/lib/thumb/v7-m/nofp/libc_nano.a(libc_a-init.o)
                              /usr/local/src/arm-gnu-toolchain-13.2/bin/../lib/gcc/arm-none-eabi/13.2.1/../../../../arm-none-eabi/lib/thumb/v7-m/nofp/crt0.o (__libc_init_array)
/usr/local/src/arm-gnu-toolchain-13.2/bin/../lib/gcc/arm-none-eabi/13.2.1/../../../../arm-none-eabi/lib/thumb/v7-m/nofp/libc_nano.a(libc_a-setjmp.o)
                              build/unity.o (setjmp)
/usr/local/src/arm-gnu-toolchain-13.2/bin/../lib/gcc/arm-none-eabi/13.2.1/../../../../arm-none-eabi/lib/thumb/v7-m/nofp/libc_nano.a(libc_a-strcmp.o)
                              build/unity_fixture.o (strcmp)
/usr/local/src/arm-gnu-toolchain-13.2/bin/../lib/gcc/arm-none-eabi/13.2.1/../../../../arm-none-eabi/lib/thumb/v7-m/nofp/libc_nano.a(libc_a-memcpy-stub.o)
                              build/led_panels_driver.o (memcpy)
/usr/local/src/arm-gnu-toolchain-13.2/bin/../lib/gcc/arm-none-eabi/13.2.1/../../../../arm-none-eabi/lib/thumb/v7-m/nofp/libc_nano.a(libc_a-malloc.o)
                              build/led_panels_driver.o (malloc)
/usr/local/src/arm-gnu-toolchain-13.2/bin/../lib/gcc/arm-none-eabi/13.2.1/../../../../arm-none-eabi/lib/thumb/v7-m/nofp/libc_nano.a(libc_a-mallocr.o)
                              /usr/local/src/arm-gnu-toolchain-13.2/bin/../lib/gcc/arm-none-eabi/13.2.1/../../../../arm-none-eabi/lib/thumb/v7-m/nofp/libc_nano.a(libc_a-malloc.o) (_malloc_r)
/usr/local/src/arm-gnu-toolchain-13.2/bin/../lib/gcc/arm-none-eabi/13.2.1/../../../../arm-none-eabi/lib/thumb/v7-m/nofp/libc_nano.a(libc_a-findfp.o)
                              /usr/local/src/arm-gnu-toolchain-13.2/bin/../lib/gcc/arm-none-eabi/13.2.1/../../../../arm-none-eabi/lib/thumb/v7-m/nofp/libc_nano.a(libc_a-exit.o) (__stdio_exit_handler)
/usr/local/src/arm-gnu-toolchain-13.2/bin/../lib/gcc/arm-none-eabi/13.2.1/../../../../arm-none-eabi/lib/thumb/v7-m/nofp/libc_nano.a(libc_a-stdio.o)
                              /usr/local/src/arm-gnu-toolchain-13.2/bin/../lib/gcc/arm-none-eabi/13.2.1/../../../../arm-none-eabi/lib/thumb/v7-m/nofp/libc_nano.a(libc_a-findfp.o) (__sread)
/usr/local/src/arm-gnu-toolchain-13.2/bin/../lib/gcc/arm-none-eabi/13.2.1/../../../../arm-none-eabi/lib/thumb/v7-m/nofp/libc_nano.a(libc_a-mlock.o)
                              /usr/local/src/arm-gnu-toolchain-13.2/bin/../lib/gcc/arm-none-eabi/13.2.1/../../../../arm-none-eabi/lib/thumb/v7-m/nofp/libc_nano.a(libc_a-mallocr.o) (__malloc_lock)
/usr/local/src/arm-gnu-toolchain-13.2/bin/../lib/gcc/arm-none-eabi/13.2.1/../../../../arm-none-eabi/lib/thumb/v7-m/nofp/libc_nano.a(libc_a-calloc.o)
                              build/led_panels_driver.o (calloc)
/usr/local/src/arm-gnu-toolchain-13.2/bin/../lib/gcc/arm-none-eabi/13.2.1/../../../../arm-none-eabi/lib/thumb/v7-m/nofp/libc_nano.a(libc_a-callocr.o)
                              /usr/local/src/arm-gnu-toolchain-13.2/bin/../lib/gcc/arm-none-eabi/13.2.1/../../../../arm-none-eabi/lib/thumb/v7-m/nofp/libc_nano.a(libc_a-calloc.o) (_calloc_r)
/usr/local/src/arm-gnu-toolchain-13.2/bin/../lib/gcc/arm-none-eabi/13.2.1/../../../../arm-none-eabi/lib/thumb/v7-m/nofp/libc_nano.a(libc_a-strstr.o)
                              build/unity_fixture.o (strstr)
/usr/local/src/arm-gnu-toolchain-13.2/bin/../lib/gcc/arm-none-eabi/13.2.1/../../../../arm-none-eabi/lib/thumb/v7-m/nofp/libc_nano.a(libc_a-readr.o)
                              /usr/local/src/arm-gnu-toolchain-13.2/bin/../lib/gcc/arm-none-eabi/13.2.1/../../../../arm-none-eabi/lib/thumb/v7-m/nofp/libc_nano.a(libc_a-stdio.o) (_read_r)
/usr/local/src/arm-gnu-toolchain-13.2/bin/../lib/gcc/arm-none-eabi/13.2.1/../../../../arm-none-eabi/lib/thumb/v7-m/nofp/libc_nano.a(libc_a-sbrkr.o)
                              /usr/local/src/arm-gnu-toolchain-13.2/bin/../lib/gcc/arm-none-eabi/13.2.1/../../../../arm-none-eabi/lib/thumb/v7-m/nofp/libc_nano.a(libc_a-mallocr.o) (_sbrk_r)
/usr/local/src/arm-gnu-toolchain-13.2/bin/../lib/gcc/arm-none-eabi/13.2.1/../../../../arm-none-eabi/lib/thumb/v7-m/nofp/libc_nano.a(libc_a-writer.o)
                              /usr/local/src/arm-gnu-toolchain-13.2/bin/../lib/gcc/arm-none-eabi/13.2.1/../../../../arm-none-eabi/lib/thumb/v7-m/nofp/libc_nano.a(libc_a-stdio.o) (_write_r)
/usr/local/src/arm-gnu-toolchain-13.2/bin/../lib/gcc/arm-none-eabi/13.2.1/../../../../arm-none-eabi/lib/thumb/v7-m/nofp/libc_nano.a(libc_a-fwalk.o)
[...]
Memory Configuration

Name             Origin             Length             Attributes
RAM              0x20000000         0x00005000         xrw
FLASH            0x08002800         0x00010000         xr
*default*        0x00000000         0xffffffff

Linker script and memory map

LOAD /usr/local/src/arm-gnu-toolchain-13.2/bin/../lib/gcc/arm-none-eabi/13.2.1/thumb/v7-m/nofp/crti.o
LOAD /usr/local/src/arm-gnu-toolchain-13.2/bin/../lib/gcc/arm-none-eabi/13.2.1/thumb/v7-m/nofp/crtbegin.o
LOAD /usr/local/src/arm-gnu-toolchain-13.2/bin/../lib/gcc/arm-none-eabi/13.2.1/../../../../arm-none-eabi/lib/thumb/v7-m/nofp/crt0.o
LOAD build/led_panels_driver.o
LOAD build/unity.o
LOAD build/unity_fixture.o
LOAD build/unity_memory.o
LOAD build/target_tests.o
LOAD build/led_panels_test_runner.o
LOAD build/led_panels_test.o
LOAD build/led_panels_io.o
LOAD build/stm32f1xx_it.o
LOAD build/stm32f1xx_hal_msp.o
LOAD build/stm32f1xx_hal_gpio_ex.o
LOAD build/stm32f1xx_hal_tim.o
LOAD build/stm32f1xx_hal_tim_ex.o
LOAD build/stm32f1xx_hal_uart.o
LOAD build/stm32f1xx_hal.o
LOAD build/stm32f1xx_hal_rcc.o
LOAD build/stm32f1xx_hal_rcc_ex.o
LOAD build/stm32f1xx_hal_gpio.o
LOAD build/stm32f1xx_hal_dma.o
LOAD build/stm32f1xx_hal_cortex.o
LOAD build/stm32f1xx_hal_pwr.o
LOAD build/stm32f1xx_hal_flash.o
LOAD build/stm32f1xx_hal_flash_ex.o
LOAD build/stm32f1xx_hal_exti.o
LOAD build/system_stm32f1xx.o
LOAD build/startup_stm32f103xb.o
LOAD /usr/local/src/arm-gnu-toolchain-13.2/bin/../lib/gcc/arm-none-eabi/13.2.1/../../../../arm-none-eabi/lib/thumb/v7-m/nofp/libc_nano.a
LOAD /usr/local/src/arm-gnu-toolchain-13.2/bin/../lib/gcc/arm-none-eabi/13.2.1/../../../../arm-none-eabi/lib/thumb/v7-m/nofp/libm.a
LOAD /usr/local/src/arm-gnu-toolchain-13.2/bin/../lib/gcc/arm-none-eabi/13.2.1/../../../../arm-none-eabi/lib/thumb/v7-m/nofp/libnosys.a
START GROUP
LOAD /usr/local/src/arm-gnu-toolchain-13.2/bin/../lib/gcc/arm-none-eabi/13.2.1/thumb/v7-m/nofp/libgcc.a
LOAD /usr/local/src/arm-gnu-toolchain-13.2/bin/../lib/gcc/arm-none-eabi/13.2.1/../../../../arm-none-eabi/lib/thumb/v7-m/nofp/libc_nano.a
END GROUP
START GROUP
LOAD /usr/local/src/arm-gnu-toolchain-13.2/bin/../lib/gcc/arm-none-eabi/13.2.1/thumb/v7-m/nofp/libgcc.a
LOAD /usr/local/src/arm-gnu-toolchain-13.2/bin/../lib/gcc/arm-none-eabi/13.2.1/../../../../arm-none-eabi/lib/thumb/v7-m/nofp/libc_nano.a
END GROUP
LOAD /usr/local/src/arm-gnu-toolchain-13.2/bin/../lib/gcc/arm-none-eabi/13.2.1/thumb/v7-m/nofp/crtend.o
LOAD /usr/local/src/arm-gnu-toolchain-13.2/bin/../lib/gcc/arm-none-eabi/13.2.1/thumb/v7-m/nofp/crtn.o
                0x20005000                        _estack = (ORIGIN (RAM) + LENGTH (RAM))
                0x00000200                        _Min_Heap_Size = 0x200
                0x00000400                        _Min_Stack_Size = 0x400

.isr_vector     0x08002800      0x10c
                0x08002800                        . = ALIGN (0x4)
 *(.isr_vector)
 .isr_vector    0x08002800      0x10c build/startup_stm32f103xb.o
                0x08002800                g_pfnVectors
                0x0800290c                        . = ALIGN (0x4)

.text           0x0800290c     0x38f0
                0x0800290c                        . = ALIGN (0x4)
 *(.text)
 .text          0x0800290c       0x1c /usr/local/src/arm-gnu-toolchain-13.2/bin/../lib/gcc/arm-none-eabi/13.2.1/../../../../arm-none-eabi/lib/thumb/v7-m/nofp/libc_nano.a(libc_a-setjmp.o)
                0x0800290c                setjmp
                0x08002918                longjmp
 .text          0x08002928       0x14 /usr/local/src/arm-gnu-toolchain-13.2/bin/../lib/gcc/arm-none-eabi/13.2.1/../../../../arm-none-eabi/lib/thumb/v7-m/nofp/libc_nano.a(libc_a-strcmp.o)
                0x08002928                strcmp
 .text          0x0800293c      0x1ac /usr/local/src/arm-gnu-toolchain-13.2/bin/../lib/gcc/arm-none-eabi/13.2.1/thumb/v7-m/nofp/libgcc.a(libunwind.o)
                0x0800293c                __restore_core_regs
                0x0800293c                restore_core_regs
                0x08002954                __gnu_Unwind_Restore_VFP
                0x0800295c                __gnu_Unwind_Save_VFP
                0x08002964                __gnu_Unwind_Restore_VFP_D
                0x0800296c                __gnu_Unwind_Save_VFP_D
                0x08002974                __gnu_Unwind_Restore_VFP_D_16_to_31
                0x0800297c                __gnu_Unwind_Save_VFP_D_16_to_31
                0x08002984                __gnu_Unwind_Restore_WMMXD
                0x080029c8                __gnu_Unwind_Save_WMMXD
                0x08002a0c                __gnu_Unwind_Restore_WMMXC
                0x08002a20                __gnu_Unwind_Save_WMMXC
                0x08002a34                ___Unwind_RaiseException
                0x08002a34                _Unwind_RaiseException
                0x08002a58                ___Unwind_Resume
                0x08002a58                _Unwind_Resume
                0x08002a7c                _Unwind_Resume_or_Rethrow
                0x08002a7c                ___Unwind_Resume_or_Rethrow
                0x08002aa0                ___Unwind_ForcedUnwind
                0x08002aa0                _Unwind_ForcedUnwind
                0x08002ac4                _Unwind_Backtrace
                0x08002ac4                ___Unwind_Backtrace
 *(.text*)
 .text.deregister_tm_clones
                0x08002ae8       0x1c /usr/local/src/arm-gnu-toolchain-13.2/bin/../lib/gcc/arm-none-eabi/13.2.1/thumb/v7-m/nofp/crtbegin.o
 .text.register_tm_clones
                0x08002b04       0x24 /usr/local/src/arm-gnu-toolchain-13.2/bin/../lib/gcc/arm-none-eabi/13.2.1/thumb/v7-m/nofp/crtbegin.o
 .text.__do_global_dtors_aux
                0x08002b28       0x28 /usr/local/src/arm-gnu-toolchain-13.2/bin/../lib/gcc/arm-none-eabi/13.2.1/thumb/v7-m/nofp/crtbegin.o
 .text.frame_dummy
                0x08002b50       0x24 /usr/local/src/arm-gnu-toolchain-13.2/bin/../lib/gcc/arm-none-eabi/13.2.1/thumb/v7-m/nofp/crtbegin.o
 .text.convert_color_to_pwm_data
                0x08002b74       0x26 build/led_panels_driver.o
 .text.convert_pixel_to_pwm_data
                0x08002b9a       0x22 build/led_panels_driver.o
 .text.get_panel_offset
                0x08002bbc       0x20 build/led_panels_driver.o
 .text.get_pixel_offset
                0x08002bdc       0x1c build/led_panels_driver.o
 .text.get_pwm_data_size
                0x08002bf8       0x24 build/led_panels_driver.o
 .text.check_bounds
                0x08002c1c       0x38 build/led_panels_driver.o
 .text.led_panels_destroy
                0x08002c54       0x18 build/led_panels_driver.o
                0x08002c54                led_panels_destroy
 .text.led_panels_set_pixel
                0x08002c6c       0x42 build/led_panels_driver.o
                0x08002c6c                led_panels_set_pixel
 .text.led_panels_flush
                0x08002cae       0x14 build/led_panels_driver.o
                0x08002cae                led_panels_flush
 .text.led_panels_create
                0x08002cc2       0x64 build/led_panels_driver.o
                0x08002cc2                led_panels_create
 .text.led_panels_send
                0x08002d26       0x12 build/led_panels_driver.o
                0x08002d26                led_panels_send
 .text.UnityPrintNumberUnsigned
                0x08002d38       0x48 build/unity.o
                0x08002d38                UnityPrintNumberUnsigned
 .text.UnityPrintNumber
                0x08002d80       0x18 build/unity.o
                0x08002d80                UnityPrintNumber
 .text.UnityPrintNumberHex
                0x08002d98       0x34 build/unity.o
                0x08002d98                UnityPrintNumberHex
 .text.UnityPrintChar
                0x08002dcc       0x50 build/unity.o
 .text.UnityPrint
                0x08002e1c       0x18 build/unity.o
                0x08002e1c                UnityPrint
 .text.UnityBegin
                0x08002e34       0x20 build/unity.o
                0x08002e34                UnityBegin
 .text.UnityEnd
                0x08002e54       0x94 build/unity.o
                0x08002e54                UnityEnd
 .text.announceTestRun
                0x08002ee8       0x38 build/unity_fixture.o
 .text.selected
                0x08002f20       0x1a build/unity_fixture.o
 *fill*         0x08002f3a        0x2 
 .text.testSelected
                0x08002f3c       0x14 build/unity_fixture.o
 .text.groupSelected
                0x08002f50       0x14 build/unity_fixture.o
 .text.UnityPointer_Init
                0x08002f64        0xc build/unity_fixture.o
                0x08002f64                UnityPointer_Init
 .text.UnityPointer_UndoAllSets
                0x08002f70       0x28 build/unity_fixture.o
                0x08002f70                UnityPointer_UndoAllSets
 .text.UnityGetCommandLineOptions
                0x08002f98      0x23c build/unity_fixture.o
                0x08002f98                UnityGetCommandLineOptions
 .text.UnityMain
                0x080031d4       0x50 build/unity_fixture.o
                0x080031d4                UnityMain
 .text.UnityConcludeFixtureTest
                0x08003224       0x74 build/unity_fixture.o
                0x08003224                UnityConcludeFixtureTest
 .text.UnityTestRunner
                0x08003298       0x98 build/unity_fixture.o
                0x08003298                UnityTestRunner
 .text.MX_GPIO_Init
                0x08003330       0x30 build/target_tests.o
 .text.run_all_tests
                0x08003360        0x8 build/target_tests.o
 .text.MX_DMA_Init
                0x08003368       0x34 build/target_tests.o
 .text.HAL_TIM_PWM_PulseFinishedCallback
                0x0800339c       0x10 build/target_tests.o
                0x0800339c                HAL_TIM_PWM_PulseFinishedCallback
 .text.unity_config_put_c
                0x080033ac       0x20 build/target_tests.o
                0x080033ac                unity_config_put_c
 .text._kill    0x080033cc        0x6 build/target_tests.o
                0x080033cc                _kill
 .text._getpid  0x080033d2        0x4 build/target_tests.o
                0x080033d2                _getpid
 .text._exit    0x080033d6        0x2 build/target_tests.o
                0x080033d6                _exit
 .text.Error_Handler
                0x080033d8        0x4 build/target_tests.o
                0x080033d8                Error_Handler
 .text.MX_TIM2_Init
                0x080033dc       0x74 build/target_tests.o
 .text.MX_USART1_UART_Init
                0x08003450       0x34 build/target_tests.o
 .text.SystemClock_Config
                0x08003484       0x64 build/target_tests.o
                0x08003484                SystemClock_Config
 .text.main     0x080034e8       0x2c build/target_tests.o
                0x080034e8                main
 .text.TEST_led_panels_driver_GROUP_RUNNER
                0x08003514       0x14 build/led_panels_test_runner.o
                0x08003514                TEST_led_panels_driver_GROUP_RUNNER
 .text.delay    0x08003528       0x14 build/led_panels_test.o
 .text.TEST_led_panels_driver_SETUP
                0x0800353c       0x20 build/led_panels_test.o
                0x0800353c                TEST_led_panels_driver_SETUP
 .text.TEST_led_panels_driver_TEAR_DOWN
                0x0800355c       0x10 build/led_panels_test.o
                0x0800355c                TEST_led_panels_driver_TEAR_DOWN
 .text.TEST_led_panels_driver_show_clear_panel_
                0x0800356c       0x14 build/led_panels_test.o
                0x0800356c                TEST_led_panels_driver_show_clear_panel_
 .text.TEST_led_panels_driver_show_red_panel_
                0x08003580       0x58 build/led_panels_test.o
                0x08003580                TEST_led_panels_driver_show_red_panel_
 .text.TEST_led_panels_driver_show_green_panel_
                0x080035d8       0x58 build/led_panels_test.o
                0x080035d8                TEST_led_panels_driver_show_green_panel_
 .text.TEST_led_panels_driver_show_blue_panel_
                0x08003630       0x58 build/led_panels_test.o
                0x08003630                TEST_led_panels_driver_show_blue_panel_
 .text.TEST_led_panels_driver_show_clear_panel_run
                0x08003688       0x44 build/led_panels_test.o
                0x08003688                TEST_led_panels_driver_show_clear_panel_run
 .text.TEST_led_panels_driver_show_red_panel_run
                0x080036cc       0x44 build/led_panels_test.o
                0x080036cc                TEST_led_panels_driver_show_red_panel_run
 .text.TEST_led_panels_driver_show_green_panel_run
                0x08003710       0x44 build/led_panels_test.o
                0x08003710                TEST_led_panels_driver_show_green_panel_run
 .text.TEST_led_panels_driver_show_blue_panel_run
                0x08003754       0x44 build/led_panels_test.o
                0x08003754                TEST_led_panels_driver_show_blue_panel_run
 .text.led_panels_io_send_data
                0x08003798       0x18 build/led_panels_io.o
                0x08003798                led_panels_io_send_data
 .text.NMI_Handler
                0x080037b0        0x2 build/stm32f1xx_it.o
                0x080037b0                NMI_Handler
 .text.HardFault_Handler
                0x080037b2        0x2 build/stm32f1xx_it.o
                0x080037b2                HardFault_Handler
 .text.MemManage_Handler
                0x080037b4        0x2 build/stm32f1xx_it.o
                0x080037b4                MemManage_Handler
 .text.BusFault_Handler
                0x080037b6        0x2 build/stm32f1xx_it.o
                0x080037b6                BusFault_Handler
 .text.UsageFault_Handler
                0x080037b8        0x2 build/stm32f1xx_it.o
                0x080037b8                UsageFault_Handler
 .text.SVC_Handler
                0x080037ba        0x2 build/stm32f1xx_it.o
                0x080037ba                SVC_Handler
 .text.DebugMon_Handler
                0x080037bc        0x2 build/stm32f1xx_it.o
                0x080037bc                DebugMon_Handler
 .text.PendSV_Handler
                0x080037be        0x2 build/stm32f1xx_it.o
                0x080037be                PendSV_Handler
 .text.SysTick_Handler
                0x080037c0        0x8 build/stm32f1xx_it.o
                0x080037c0                SysTick_Handler
 .text.DMA1_Channel5_IRQHandler
                0x080037c8       0x10 build/stm32f1xx_it.o
                0x080037c8                DMA1_Channel5_IRQHandler
 .text.HAL_MspInit
                0x080037d8       0x44 build/stm32f1xx_hal_msp.o
                0x080037d8                HAL_MspInit
 .text.HAL_TIM_PWM_MspInit
                0x0800381c       0x68 build/stm32f1xx_hal_msp.o
                0x0800381c                HAL_TIM_PWM_MspInit
 .text.HAL_TIM_MspPostInit
                0x08003884       0x4c build/stm32f1xx_hal_msp.o
                0x08003884                HAL_TIM_MspPostInit
 .text.HAL_UART_MspInit
                0x080038d0       0x78 build/stm32f1xx_hal_msp.o
                0x080038d0                HAL_UART_MspInit
 .text.TIM_OC1_SetConfig
                0x08003948       0x54 build/stm32f1xx_hal_tim.o
 .text.TIM_OC3_SetConfig
                0x0800399c       0x5c build/stm32f1xx_hal_tim.o
 .text.TIM_OC4_SetConfig
                0x080039f8       0x48 build/stm32f1xx_hal_tim.o
 .text.TIM_DMADelayPulseCplt
                0x08003a40       0x70 build/stm32f1xx_hal_tim.o
 .text.HAL_TIM_PWM_PulseFinishedHalfCpltCallback
                0x08003ab0        0x2 build/stm32f1xx_hal_tim.o
                0x08003ab0                HAL_TIM_PWM_PulseFinishedHalfCpltCallback
 .text.TIM_DMADelayPulseHalfCplt
                0x08003ab2       0x3e build/stm32f1xx_hal_tim.o
                0x08003ab2                TIM_DMADelayPulseHalfCplt
 .text.HAL_TIM_ErrorCallback
                0x08003af0        0x2 build/stm32f1xx_hal_tim.o
                0x08003af0                HAL_TIM_ErrorCallback
 .text.TIM_DMAError
                0x08003af2       0x5c build/stm32f1xx_hal_tim.o
                0x08003af2                TIM_DMAError
 *fill*         0x08003b4e        0x2 
 .text.TIM_Base_SetConfig
                0x08003b50       0x74 build/stm32f1xx_hal_tim.o
                0x08003b50                TIM_Base_SetConfig
 .text.HAL_TIM_PWM_Init
                0x08003bc4       0x58 build/stm32f1xx_hal_tim.o
                0x08003bc4                HAL_TIM_PWM_Init
 .text.TIM_OC2_SetConfig
                0x08003c1c       0x5c build/stm32f1xx_hal_tim.o
                0x08003c1c                TIM_OC2_SetConfig
 .text.HAL_TIM_PWM_ConfigChannel
                0x08003c78       0xdc build/stm32f1xx_hal_tim.o
                0x08003c78                HAL_TIM_PWM_ConfigChannel
 .text.TIM_CCxChannelCmd
                0x08003d54       0x1e build/stm32f1xx_hal_tim.o
                0x08003d54                TIM_CCxChannelCmd
 *fill*         0x08003d72        0x2 
 .text.HAL_TIM_PWM_Start_DMA
                0x08003d74      0x26c build/stm32f1xx_hal_tim.o
                0x08003d74                HAL_TIM_PWM_Start_DMA
 .text.HAL_TIM_PWM_Stop_DMA
                0x08003fe0       0xec build/stm32f1xx_hal_tim.o
                0x08003fe0                HAL_TIM_PWM_Stop_DMA
 .text.HAL_TIMEx_MasterConfigSynchronization
                0x080040cc       0x6c build/stm32f1xx_hal_tim_ex.o
                0x080040cc                HAL_TIMEx_MasterConfigSynchronization
 .text.UART_SetConfig
                0x08004138       0x94 build/stm32f1xx_hal_uart.o
 .text.UART_WaitOnFlagUntilTimeout
                0x080041cc       0x84 build/stm32f1xx_hal_uart.o
 .text.HAL_UART_Init
                0x08004250       0x60 build/stm32f1xx_hal_uart.o
                0x08004250                HAL_UART_Init
 .text.HAL_UART_Transmit
                0x080042b0       0xbe build/stm32f1xx_hal_uart.o
                0x080042b0                HAL_UART_Transmit
 *fill*         0x0800436e        0x2 
 .text.HAL_InitTick
                0x08004370       0x4c build/stm32f1xx_hal.o
                0x08004370                HAL_InitTick
 .text.HAL_Init
                0x080043bc       0x24 build/stm32f1xx_hal.o
                0x080043bc                HAL_Init
 .text.HAL_IncTick
                0x080043e0       0x18 build/stm32f1xx_hal.o
                0x080043e0                HAL_IncTick
 .text.HAL_GetTick
                0x080043f8        0xc build/stm32f1xx_hal.o
                0x080043f8                HAL_GetTick
 .text.RCC_Delay
                0x08004404       0x2c build/stm32f1xx_hal_rcc.o
 .text.HAL_RCC_OscConfig
                0x08004430      0x410 build/stm32f1xx_hal_rcc.o
                0x08004430                HAL_RCC_OscConfig
 .text.HAL_RCC_GetSysClockFreq
                0x08004840       0x54 build/stm32f1xx_hal_rcc.o
                0x08004840                HAL_RCC_GetSysClockFreq
 .text.HAL_RCC_ClockConfig
                0x08004894      0x16c build/stm32f1xx_hal_rcc.o
                0x08004894                HAL_RCC_ClockConfig
 .text.HAL_RCC_GetHCLKFreq
                0x08004a00        0xc build/stm32f1xx_hal_rcc.o
                0x08004a00                HAL_RCC_GetHCLKFreq
 .text.HAL_RCC_GetPCLK1Freq
                0x08004a0c       0x20 build/stm32f1xx_hal_rcc.o
                0x08004a0c                HAL_RCC_GetPCLK1Freq
 .text.HAL_RCC_GetPCLK2Freq
                0x08004a2c       0x20 build/stm32f1xx_hal_rcc.o
                0x08004a2c                HAL_RCC_GetPCLK2Freq
 .text.HAL_GPIO_Init
                0x08004a4c      0x21c build/stm32f1xx_hal_gpio.o
                0x08004a4c                HAL_GPIO_Init
 .text.DMA_SetConfig
                0x08004c68       0x2c build/stm32f1xx_hal_dma.o
 .text.HAL_DMA_Init
                0x08004c94       0x68 build/stm32f1xx_hal_dma.o
                0x08004c94                HAL_DMA_Init
 .text.HAL_DMA_Start_IT
                0x08004cfc       0x76 build/stm32f1xx_hal_dma.o
                0x08004cfc                HAL_DMA_Start_IT
 *fill*         0x08004d72        0x2 
 .text.HAL_DMA_Abort_IT
                0x08004d74       0x98 build/stm32f1xx_hal_dma.o
                0x08004d74                HAL_DMA_Abort_IT
 .text.HAL_DMA_IRQHandler
                0x08004e0c      0x144 build/stm32f1xx_hal_dma.o
                0x08004e0c                HAL_DMA_IRQHandler
 .text.__NVIC_SetPriority
                0x08004f50       0x28 build/stm32f1xx_hal_cortex.o
 .text.NVIC_EncodePriority
                0x08004f78       0x3e build/stm32f1xx_hal_cortex.o
 *fill*         0x08004fb6        0x2 
 .text.HAL_NVIC_SetPriorityGrouping
                0x08004fb8       0x24 build/stm32f1xx_hal_cortex.o
                0x08004fb8                HAL_NVIC_SetPriorityGrouping
 .text.HAL_NVIC_SetPriority
                0x08004fdc       0x20 build/stm32f1xx_hal_cortex.o
                0x08004fdc                HAL_NVIC_SetPriority
 .text.HAL_NVIC_EnableIRQ
                0x08004ffc       0x1c build/stm32f1xx_hal_cortex.o
                0x08004ffc                HAL_NVIC_EnableIRQ
 .text.HAL_SYSTICK_Config
                0x08005018       0x28 build/stm32f1xx_hal_cortex.o
                0x08005018                HAL_SYSTICK_Config
 .text.SystemInit
                0x08005040        0x2 build/system_stm32f1xx.o
                0x08005040                SystemInit
 *fill*         0x08005042        0x2 
 .text.Reset_Handler
                0x08005044       0x48 build/startup_stm32f103xb.o
                0x08005044                Reset_Handler
 .text.Default_Handler
                0x0800508c        0x2 build/startup_stm32f103xb.o
                0x0800508c                RTC_Alarm_IRQHandler
                0x0800508c                EXTI2_IRQHandler
                0x0800508c                TIM1_CC_IRQHandler
                0x0800508c                PVD_IRQHandler
                0x0800508c                EXTI3_IRQHandler
                0x0800508c                EXTI0_IRQHandler
                0x0800508c                I2C2_EV_IRQHandler
                0x0800508c                ADC1_2_IRQHandler
                0x0800508c                SPI1_IRQHandler
                0x0800508c                TAMPER_IRQHandler
                0x0800508c                DMA1_Channel4_IRQHandler
                0x0800508c                USART3_IRQHandler
                0x0800508c                RTC_IRQHandler
                0x0800508c                DMA1_Channel7_IRQHandler
                0x0800508c                CAN1_RX1_IRQHandler
                0x0800508c                TIM4_IRQHandler
                0x0800508c                I2C1_EV_IRQHandler
                0x0800508c                DMA1_Channel6_IRQHandler
                0x0800508c                TIM3_IRQHandler
                0x0800508c                RCC_IRQHandler
                0x0800508c                TIM1_TRG_COM_IRQHandler
                0x0800508c                DMA1_Channel1_IRQHandler
                0x0800508c                Default_Handler
                0x0800508c                EXTI15_10_IRQHandler
                0x0800508c                EXTI9_5_IRQHandler
                0x0800508c                SPI2_IRQHandler
                0x0800508c                EXTI4_IRQHandler
                0x0800508c                USB_LP_CAN1_RX0_IRQHandler
                0x0800508c                USB_HP_CAN1_TX_IRQHandler
                0x0800508c                DMA1_Channel3_IRQHandler
                0x0800508c                TIM1_UP_IRQHandler
                0x0800508c                WWDG_IRQHandler
                0x0800508c                TIM2_IRQHandler
                0x0800508c                TIM1_BRK_IRQHandler
                0x0800508c                EXTI1_IRQHandler
                0x0800508c                USART2_IRQHandler
                0x0800508c                I2C2_ER_IRQHandler
                0x0800508c                DMA1_Channel2_IRQHandler
                0x0800508c                CAN1_SCE_IRQHandler
                0x0800508c                FLASH_IRQHandler
                0x0800508c                USART1_IRQHandler
                0x0800508c                I2C1_ER_IRQHandler
                0x0800508c                USBWakeUp_IRQHandler
 *fill*         0x0800508e        0x2 
 .text.__libc_init_array
                0x08005090       0x48 /usr/local/src/arm-gnu-toolchain-13.2/bin/../lib/gcc/arm-none-eabi/13.2.1/../../../../arm-none-eabi/lib/thumb/v7-m/nofp/libc_nano.a(libc_a-init.o)
                0x08005090                __libc_init_array
 .text.memcpy   0x080050d8       0x1c /usr/local/src/arm-gnu-toolchain-13.2/bin/../lib/gcc/arm-none-eabi/13.2.1/../../../../arm-none-eabi/lib/thumb/v7-m/nofp/libc_nano.a(libc_a-memcpy-stub.o)
                0x080050d8                memcpy
 .text.malloc   0x080050f4       0x10 /usr/local/src/arm-gnu-toolchain-13.2/bin/../lib/gcc/arm-none-eabi/13.2.1/../../../../arm-none-eabi/lib/thumb/v7-m/nofp/libc_nano.a(libc_a-malloc.o)
                0x080050f4                malloc
 .text.free     0x08005104       0x10 /usr/local/src/arm-gnu-toolchain-13.2/bin/../lib/gcc/arm-none-eabi/13.2.1/../../../../arm-none-eabi/lib/thumb/v7-m/nofp/libc_nano.a(libc_a-malloc.o)
                0x08005104                free
 .text.sbrk_aligned
                0x08005114       0x44 /usr/local/src/arm-gnu-toolchain-13.2/bin/../lib/gcc/arm-none-eabi/13.2.1/../../../../arm-none-eabi/lib/thumb/v7-m/nofp/libc_nano.a(libc_a-mallocr.o)
 .text._malloc_r
                0x08005158      0x100 /usr/local/src/arm-gnu-toolchain-13.2/bin/../lib/gcc/arm-none-eabi/13.2.1/../../../../arm-none-eabi/lib/thumb/v7-m/nofp/libc_nano.a(libc_a-mallocr.o)
                0x08005158                _malloc_r
 .text.__malloc_lock
                0x08005258        0xc /usr/local/src/arm-gnu-toolchain-13.2/bin/../lib/gcc/arm-none-eabi/13.2.1/../../../../arm-none-eabi/lib/thumb/v7-m/nofp/libc_nano.a(libc_a-mlock.o)
                0x08005258                __malloc_lock
 .text.__malloc_unlock
                0x08005264        0xc /usr/local/src/arm-gnu-toolchain-13.2/bin/../lib/gcc/arm-none-eabi/13.2.1/../../../../arm-none-eabi/lib/thumb/v7-m/nofp/libc_nano.a(libc_a-mlock.o)
                0x08005264                __malloc_unlock
 .text.calloc   0x08005270       0x10 /usr/local/src/arm-gnu-toolchain-13.2/bin/../lib/gcc/arm-none-eabi/13.2.1/../../../../arm-none-eabi/lib/thumb/v7-m/nofp/libc_nano.a(libc_a-calloc.o)
                0x08005270                calloc
 .text._calloc_r
                0x08005280       0x28 /usr/local/src/arm-gnu-toolchain-13.2/bin/../lib/gcc/arm-none-eabi/13.2.1/../../../../arm-none-eabi/lib/thumb/v7-m/nofp/libc_nano.a(libc_a-callocr.o)
                0x08005280                _calloc_r
 .text.strstr   0x080052a8       0x2c /usr/local/src/arm-gnu-toolchain-13.2/bin/../lib/gcc/arm-none-eabi/13.2.1/../../../../arm-none-eabi/lib/thumb/v7-m/nofp/libc_nano.a(libc_a-strstr.o)
                0x080052a8                strstr
 .text._sbrk_r  0x080052d4       0x20 /usr/local/src/arm-gnu-toolchain-13.2/bin/../lib/gcc/arm-none-eabi/13.2.1/../../../../arm-none-eabi/lib/thumb/v7-m/nofp/libc_nano.a(libc_a-sbrkr.o)
                0x080052d4                _sbrk_r
 .text.memset   0x080052f4       0x10 /usr/local/src/arm-gnu-toolchain-13.2/bin/../lib/gcc/arm-none-eabi/13.2.1/../../../../arm-none-eabi/lib/thumb/v7-m/nofp/libc_nano.a(libc_a-memset.o)
                0x080052f4                memset
 .text._free_r  0x08005304       0x90 /usr/local/src/arm-gnu-toolchain-13.2/bin/../lib/gcc/arm-none-eabi/13.2.1/../../../../arm-none-eabi/lib/thumb/v7-m/nofp/libc_nano.a(libc_a-freer.o)
                0x08005304                _free_r
 .text.__retarget_lock_acquire_recursive
                0x08005394        0x2 /usr/local/src/arm-gnu-toolchain-13.2/bin/../lib/gcc/arm-none-eabi/13.2.1/../../../../arm-none-eabi/lib/thumb/v7-m/nofp/libc_nano.a(libc_a-lock.o)
                0x08005394                __retarget_lock_acquire_recursive
 .text.__retarget_lock_release_recursive
                0x08005396        0x2 /usr/local/src/arm-gnu-toolchain-13.2/bin/../lib/gcc/arm-none-eabi/13.2.1/../../../../arm-none-eabi/lib/thumb/v7-m/nofp/libc_nano.a(libc_a-lock.o)
                0x08005396                __retarget_lock_release_recursive
 .text._sbrk    0x08005398       0x1c /usr/local/src/arm-gnu-toolchain-13.2/bin/../lib/gcc/arm-none-eabi/13.2.1/../../../../arm-none-eabi/lib/thumb/v7-m/nofp/libnosys.a(sbrk.o)
                0x08005398                _sbrk
 .text.selfrel_offset31
                0x080053b4       0x14 /usr/local/src/arm-gnu-toolchain-13.2/bin/../lib/gcc/arm-none-eabi/13.2.1/thumb/v7-m/nofp/libgcc.a(unwind-arm.o)
 .text.search_EIT_table
                0x080053c8       0x64 /usr/local/src/arm-gnu-toolchain-13.2/bin/../lib/gcc/arm-none-eabi/13.2.1/thumb/v7-m/nofp/libgcc.a(unwind-arm.o)
 .text.__gnu_unwind_get_pr_addr
                0x0800542c       0x28 /usr/local/src/arm-gnu-toolchain-13.2/bin/../lib/gcc/arm-none-eabi/13.2.1/thumb/v7-m/nofp/libgcc.a(unwind-arm.o)
 .text.get_eit_entry
                0x08005454       0x98 /usr/local/src/arm-gnu-toolchain-13.2/bin/../lib/gcc/arm-none-eabi/13.2.1/thumb/v7-m/nofp/libgcc.a(unwind-arm.o)
 .text.restore_non_core_regs
                0x080054ec       0x58 /usr/local/src/arm-gnu-toolchain-13.2/bin/../lib/gcc/arm-none-eabi/13.2.1/thumb/v7-m/nofp/libgcc.a(unwind-arm.o)
 .text._Unwind_decode_typeinfo_ptr.constprop.0
                0x08005544        0xc /usr/local/src/arm-gnu-toolchain-13.2/bin/../lib/gcc/arm-none-eabi/13.2.1/thumb/v7-m/nofp/libgcc.a(unwind-arm.o)
 .text._Unwind_DebugHook
                0x08005550        0x4 /usr/local/src/arm-gnu-toolchain-13.2/bin/../lib/gcc/arm-none-eabi/13.2.1/thumb/v7-m/nofp/libgcc.a(unwind-arm.o)
 .text.unwind_phase2
                0x08005554       0x40 /usr/local/src/arm-gnu-toolchain-13.2/bin/../lib/gcc/arm-none-eabi/13.2.1/thumb/v7-m/nofp/libgcc.a(unwind-arm.o)
 .text.unwind_phase2_forced
                0x08005594       0xe0 /usr/local/src/arm-gnu-toolchain-13.2/bin/../lib/gcc/arm-none-eabi/13.2.1/thumb/v7-m/nofp/libgcc.a(unwind-arm.o)
 .text.__gnu_Unwind_RaiseException
                0x08005674       0x68 /usr/local/src/arm-gnu-toolchain-13.2/bin/../lib/gcc/arm-none-eabi/13.2.1/thumb/v7-m/nofp/libgcc.a(unwind-arm.o)
                0x08005674                __gnu_Unwind_RaiseException
 .text.__gnu_Unwind_ForcedUnwind
                0x080056dc       0x18 /usr/local/src/arm-gnu-toolchain-13.2/bin/../lib/gcc/arm-none-eabi/13.2.1/thumb/v7-m/nofp/libgcc.a(unwind-arm.o)
                0x080056dc                __gnu_Unwind_ForcedUnwind
 .text.__gnu_Unwind_Resume
                0x080056f4       0x44 /usr/local/src/arm-gnu-toolchain-13.2/bin/../lib/gcc/arm-none-eabi/13.2.1/thumb/v7-m/nofp/libgcc.a(unwind-arm.o)
                0x080056f4                __gnu_Unwind_Resume
 .text.__gnu_Unwind_Resume_or_Rethrow
                0x08005738       0x18 /usr/local/src/arm-gnu-toolchain-13.2/bin/../lib/gcc/arm-none-eabi/13.2.1/thumb/v7-m/nofp/libgcc.a(unwind-arm.o)
                0x08005738                __gnu_Unwind_Resume_or_Rethrow
 .text._Unwind_VRS_Get
                0x08005750       0x34 /usr/local/src/arm-gnu-toolchain-13.2/bin/../lib/gcc/arm-none-eabi/13.2.1/thumb/v7-m/nofp/libgcc.a(unwind-arm.o)
                0x08005750                _Unwind_VRS_Get
 .text._Unwind_GetGR
                0x08005784       0x1c /usr/local/src/arm-gnu-toolchain-13.2/bin/../lib/gcc/arm-none-eabi/13.2.1/thumb/v7-m/nofp/libgcc.a(unwind-arm.o)
 .text._Unwind_VRS_Set
                0x080057a0       0x34 /usr/local/src/arm-gnu-toolchain-13.2/bin/../lib/gcc/arm-none-eabi/13.2.1/thumb/v7-m/nofp/libgcc.a(unwind-arm.o)
                0x080057a0                _Unwind_VRS_Set
 .text._Unwind_SetGR
                0x080057d4       0x18 /usr/local/src/arm-gnu-toolchain-13.2/bin/../lib/gcc/arm-none-eabi/13.2.1/thumb/v7-m/nofp/libgcc.a(unwind-arm.o)
 .text.__gnu_Unwind_Backtrace
                0x080057ec       0x80 /usr/local/src/arm-gnu-toolchain-13.2/bin/../lib/gcc/arm-none-eabi/13.2.1/thumb/v7-m/nofp/libgcc.a(unwind-arm.o)
                0x080057ec                __gnu_Unwind_Backtrace
 .text.__gnu_unwind_pr_common
                0x0800586c      0x2a8 /usr/local/src/arm-gnu-toolchain-13.2/bin/../lib/gcc/arm-none-eabi/13.2.1/thumb/v7-m/nofp/libgcc.a(unwind-arm.o)
 .text.__aeabi_unwind_cpp_pr0
                0x08005b14        0x8 /usr/local/src/arm-gnu-toolchain-13.2/bin/../lib/gcc/arm-none-eabi/13.2.1/thumb/v7-m/nofp/libgcc.a(unwind-arm.o)
                0x08005b14                __aeabi_unwind_cpp_pr0
 .text.__aeabi_unwind_cpp_pr1
                0x08005b1c        0x8 /usr/local/src/arm-gnu-toolchain-13.2/bin/../lib/gcc/arm-none-eabi/13.2.1/thumb/v7-m/nofp/libgcc.a(unwind-arm.o)
                0x08005b1c                __aeabi_unwind_cpp_pr1
 .text.__aeabi_unwind_cpp_pr2
                0x08005b24        0x8 /usr/local/src/arm-gnu-toolchain-13.2/bin/../lib/gcc/arm-none-eabi/13.2.1/thumb/v7-m/nofp/libgcc.a(unwind-arm.o)
                0x08005b24                __aeabi_unwind_cpp_pr2
 .text._Unwind_VRS_Pop
                0x08005b2c      0x2ec /usr/local/src/arm-gnu-toolchain-13.2/bin/../lib/gcc/arm-none-eabi/13.2.1/thumb/v7-m/nofp/libgcc.a(unwind-arm.o)
                0x08005b2c                _Unwind_VRS_Pop
 .text.next_unwind_byte
                0x08005e18       0x38 /usr/local/src/arm-gnu-toolchain-13.2/bin/../lib/gcc/arm-none-eabi/13.2.1/thumb/v7-m/nofp/libgcc.a(pr-support.o)
 .text.__gnu_unwind_execute
                0x08005e50      0x2fc /usr/local/src/arm-gnu-toolchain-13.2/bin/../lib/gcc/arm-none-eabi/13.2.1/thumb/v7-m/nofp/libgcc.a(pr-support.o)
                0x08005e50                __gnu_unwind_execute
 .text.abort    0x0800614c        0xe /usr/local/src/arm-gnu-toolchain-13.2/bin/../lib/gcc/arm-none-eabi/13.2.1/../../../../arm-none-eabi/lib/thumb/v7-m/nofp/libc_nano.a(libc_a-abort.o)
                0x0800614c                abort
 .text._raise_r
                0x0800615a       0x50 /usr/local/src/arm-gnu-toolchain-13.2/bin/../lib/gcc/arm-none-eabi/13.2.1/../../../../arm-none-eabi/lib/thumb/v7-m/nofp/libc_nano.a(libc_a-signal.o)
                0x0800615a                _raise_r
 *fill*         0x080061aa        0x2 
 .text.raise    0x080061ac       0x10 /usr/local/src/arm-gnu-toolchain-13.2/bin/../lib/gcc/arm-none-eabi/13.2.1/../../../../arm-none-eabi/lib/thumb/v7-m/nofp/libc_nano.a(libc_a-signal.o)
                0x080061ac                raise
 .text._kill_r  0x080061bc       0x24 /usr/local/src/arm-gnu-toolchain-13.2/bin/../lib/gcc/arm-none-eabi/13.2.1/../../../../arm-none-eabi/lib/thumb/v7-m/nofp/libc_nano.a(libc_a-signalr.o)
                0x080061bc                _kill_r
 .text._getpid_r
                0x080061e0        0x4 /usr/local/src/arm-gnu-toolchain-13.2/bin/../lib/gcc/arm-none-eabi/13.2.1/../../../../arm-none-eabi/lib/thumb/v7-m/nofp/libc_nano.a(libc_a-signalr.o)
                0x080061e0                _getpid_r
 *(.glue_7)
 .glue_7        0x080061e4        0x0 linker stubs
 *(.glue_7t)
 .glue_7t       0x080061e4        0x0 linker stubs
 *(.eh_frame)
 .eh_frame      0x080061e4        0x0 /usr/local/src/arm-gnu-toolchain-13.2/bin/../lib/gcc/arm-none-eabi/13.2.1/thumb/v7-m/nofp/crtbegin.o
 *(.init)
 .init          0x080061e4        0x4 /usr/local/src/arm-gnu-toolchain-13.2/bin/../lib/gcc/arm-none-eabi/13.2.1/thumb/v7-m/nofp/crti.o
                0x080061e4                _init
 .init          0x080061e8        0x8 /usr/local/src/arm-gnu-toolchain-13.2/bin/../lib/gcc/arm-none-eabi/13.2.1/thumb/v7-m/nofp/crtn.o
 *(.fini)
 .fini          0x080061f0        0x4 /usr/local/src/arm-gnu-toolchain-13.2/bin/../lib/gcc/arm-none-eabi/13.2.1/thumb/v7-m/nofp/crti.o
                0x080061f0                _fini
 .fini          0x080061f4        0x8 /usr/local/src/arm-gnu-toolchain-13.2/bin/../lib/gcc/arm-none-eabi/13.2.1/thumb/v7-m/nofp/crtn.o
                0x080061fc                        . = ALIGN (0x4)
                0x080061fc                        _etext = .

.vfp11_veneer   0x080061fc        0x0
 .vfp11_veneer  0x080061fc        0x0 linker stubs

.v4_bx          0x080061fc        0x0
 .v4_bx         0x080061fc        0x0 linker stubs

.iplt           0x080061fc        0x0
 .iplt          0x080061fc        0x0 /usr/local/src/arm-gnu-toolchain-13.2/bin/../lib/gcc/arm-none-eabi/13.2.1/thumb/v7-m/nofp/crtbegin.o

.rodata         0x080061fc      0x414
                0x080061fc                        . = ALIGN (0x4)
 *(.rodata)
 *(.rodata*)
 .rodata.sides_sizes.0
                0x080061fc        0x2 build/led_panels_driver.o
 *fill*         0x080061fe        0x2 
 .rodata.UnityStrResultsIgnored
                0x08006200        0xa build/unity.o
 *fill*         0x0800620a        0x2 
 .rodata.UnityStrResultsFailures
                0x0800620c        0xb build/unity.o
 *fill*         0x08006217        0x1 
 .rodata.UnityStrResultsTests
                0x08006218        0x8 build/unity.o
 .rodata.UnityStrBreaker
                0x08006220       0x18 build/unity.o
 .rodata.UnityStrFail
                0x08006238        0x5 build/unity.o
                0x08006238                UnityStrFail
 *fill*         0x0800623d        0x3 
 .rodata.UnityStrPass
                0x08006240        0x5 build/unity.o
                0x08006240                UnityStrPass
 *fill*         0x08006245        0x3 
 .rodata.UnityStrOk
                0x08006248        0x3 build/unity.o
                0x08006248                UnityStrOk
 *fill*         0x0800624b        0x1 
 .rodata.announceTestRun.str1.4
                0x0800624c      0x398 build/unity_fixture.o
                                 0x15 (size before relaxing)
 .rodata.UnityGetCommandLineOptions.str1.4
                0x080065e4      0x237 build/unity_fixture.o
 .rodata.UnityConcludeFixtureTest.str1.4
                0x080065e4        0x2 build/unity_fixture.o
 .rodata.TEST_led_panels_driver_show_clear_panel_run.str1.4
                0x080065e4       0x8a build/led_panels_test.o
 .rodata.TEST_led_panels_driver_show_red_panel_run.str1.4
                0x080065e4       0x37 build/led_panels_test.o
 .rodata.TEST_led_panels_driver_show_green_panel_run.str1.4
                0x080065e4       0x3d build/led_panels_test.o
 .rodata.TEST_led_panels_driver_show_blue_panel_run.str1.4
                0x080065e4       0x3c build/led_panels_test.o
 .rodata.aPredivFactorTable.0
                0x080065e4        0x2 build/stm32f1xx_hal_rcc.o
 *fill*         0x080065e6        0x2 
 .rodata.aPLLMULFactorTable.1
                0x080065e8       0x10 build/stm32f1xx_hal_rcc.o
 .rodata.APBPrescTable
                0x080065f8        0x8 build/system_stm32f1xx.o
                0x080065f8                APBPrescTable
 .rodata.AHBPrescTable
                0x08006600       0x10 build/system_stm32f1xx.o
                0x08006600                AHBPrescTable
                0x08006610                        . = ALIGN (0x4)

.ARM.extab
 *(.ARM.extab* .gnu.linkonce.armextab.*)

.ARM            0x08006610       0x90
                0x08006610                        __exidx_start = .
 *(.ARM.exidx*)
 .ARM.exidx     0x08006610        0x8 /usr/local/src/arm-gnu-toolchain-13.2/bin/../lib/gcc/arm-none-eabi/13.2.1/../../../../arm-none-eabi/lib/thumb/v7-m/nofp/libc_nano.a(libc_a-setjmp.o)
                                 0x10 (size before relaxing)
 .ARM.exidx     0x08006618        0x8 /usr/local/src/arm-gnu-toolchain-13.2/bin/../lib/gcc/arm-none-eabi/13.2.1/../../../../arm-none-eabi/lib/thumb/v7-m/nofp/libc_nano.a(libc_a-strcmp.o)
 .ARM.exidx.text.selfrel_offset31
                0x08006620        0x0 /usr/local/src/arm-gnu-toolchain-13.2/bin/../lib/gcc/arm-none-eabi/13.2.1/thumb/v7-m/nofp/libgcc.a(unwind-arm.o)
                                  0x8 (size before relaxing)
 .ARM.exidx.text.search_EIT_table
                0x08006620        0x0 /usr/local/src/arm-gnu-toolchain-13.2/bin/../lib/gcc/arm-none-eabi/13.2.1/thumb/v7-m/nofp/libgcc.a(unwind-arm.o)
                                  0x8 (size before relaxing)
 .ARM.exidx.text.__gnu_unwind_get_pr_addr
                0x08006620        0x0 /usr/local/src/arm-gnu-toolchain-13.2/bin/../lib/gcc/arm-none-eabi/13.2.1/thumb/v7-m/nofp/libgcc.a(unwind-arm.o)
                                  0x8 (size before relaxing)
 .ARM.exidx.text.get_eit_entry
                0x08006620        0x8 /usr/local/src/arm-gnu-toolchain-13.2/bin/../lib/gcc/arm-none-eabi/13.2.1/thumb/v7-m/nofp/libgcc.a(unwind-arm.o)
 .ARM.exidx.text.restore_non_core_regs
                0x08006628        0x8 /usr/local/src/arm-gnu-toolchain-13.2/bin/../lib/gcc/arm-none-eabi/13.2.1/thumb/v7-m/nofp/libgcc.a(unwind-arm.o)
 .ARM.exidx.text._Unwind_decode_typeinfo_ptr.constprop.0
                0x08006630        0x8 /usr/local/src/arm-gnu-toolchain-13.2/bin/../lib/gcc/arm-none-eabi/13.2.1/thumb/v7-m/nofp/libgcc.a(unwind-arm.o)
 .ARM.exidx.text._Unwind_DebugHook
                0x08006638        0x0 /usr/local/src/arm-gnu-toolchain-13.2/bin/../lib/gcc/arm-none-eabi/13.2.1/thumb/v7-m/nofp/libgcc.a(unwind-arm.o)
                                  0x8 (size before relaxing)
 .ARM.exidx.text.unwind_phase2
                0x08006638        0x8 /usr/local/src/arm-gnu-toolchain-13.2/bin/../lib/gcc/arm-none-eabi/13.2.1/thumb/v7-m/nofp/libgcc.a(unwind-arm.o)
 .ARM.exidx.text.unwind_phase2_forced
                0x08006640        0x8 /usr/local/src/arm-gnu-toolchain-13.2/bin/../lib/gcc/arm-none-eabi/13.2.1/thumb/v7-m/nofp/libgcc.a(unwind-arm.o)
 .ARM.exidx.text.__gnu_Unwind_RaiseException
                0x08006648        0x8 /usr/local/src/arm-gnu-toolchain-13.2/bin/../lib/gcc/arm-none-eabi/13.2.1/thumb/v7-m/nofp/libgcc.a(unwind-arm.o)
 .ARM.exidx.text.__gnu_Unwind_ForcedUnwind
                0x08006650        0x8 /usr/local/src/arm-gnu-toolchain-13.2/bin/../lib/gcc/arm-none-eabi/13.2.1/thumb/v7-m/nofp/libgcc.a(unwind-arm.o)
 .ARM.exidx.text.__gnu_Unwind_Resume
                0x08006658        0x8 /usr/local/src/arm-gnu-toolchain-13.2/bin/../lib/gcc/arm-none-eabi/13.2.1/thumb/v7-m/nofp/libgcc.a(unwind-arm.o)
 .ARM.exidx.text.__gnu_Unwind_Resume_or_Rethrow
                0x08006660        0x8 /usr/local/src/arm-gnu-toolchain-13.2/bin/../lib/gcc/arm-none-eabi/13.2.1/thumb/v7-m/nofp/libgcc.a(unwind-arm.o)
 .ARM.exidx.text._Unwind_VRS_Get
                0x08006668        0x0 /usr/local/src/arm-gnu-toolchain-13.2/bin/../lib/gcc/arm-none-eabi/13.2.1/thumb/v7-m/nofp/libgcc.a(unwind-arm.o)
                                  0x8 (size before relaxing)
 .ARM.exidx.text._Unwind_GetGR
                0x08006668        0x0 /usr/local/src/arm-gnu-toolchain-13.2/bin/../lib/gcc/arm-none-eabi/13.2.1/thumb/v7-m/nofp/libgcc.a(unwind-arm.o)
                                  0x8 (size before relaxing)
 .ARM.exidx.text._Unwind_VRS_Set
                0x08006668        0x0 /usr/local/src/arm-gnu-toolchain-13.2/bin/../lib/gcc/arm-none-eabi/13.2.1/thumb/v7-m/nofp/libgcc.a(unwind-arm.o)
                                  0x8 (size before relaxing)
 .ARM.exidx.text._Unwind_SetGR
                0x08006668        0x0 /usr/local/src/arm-gnu-toolchain-13.2/bin/../lib/gcc/arm-none-eabi/13.2.1/thumb/v7-m/nofp/libgcc.a(unwind-arm.o)
                                  0x8 (size before relaxing)
 .ARM.exidx.text.__gnu_Unwind_Backtrace
                0x08006668        0x8 /usr/local/src/arm-gnu-toolchain-13.2/bin/../lib/gcc/arm-none-eabi/13.2.1/thumb/v7-m/nofp/libgcc.a(unwind-arm.o)
 .ARM.exidx.text.__gnu_unwind_pr_common
                0x08006670        0x8 /usr/local/src/arm-gnu-toolchain-13.2/bin/../lib/gcc/arm-none-eabi/13.2.1/thumb/v7-m/nofp/libgcc.a(unwind-arm.o)
 .ARM.exidx.text.__aeabi_unwind_cpp_pr0
                0x08006678        0x8 /usr/local/src/arm-gnu-toolchain-13.2/bin/../lib/gcc/arm-none-eabi/13.2.1/thumb/v7-m/nofp/libgcc.a(unwind-arm.o)
 .ARM.exidx.text.__aeabi_unwind_cpp_pr1
                0x08006680        0x0 /usr/local/src/arm-gnu-toolchain-13.2/bin/../lib/gcc/arm-none-eabi/13.2.1/thumb/v7-m/nofp/libgcc.a(unwind-arm.o)
                                  0x8 (size before relaxing)
 .ARM.exidx.text.__aeabi_unwind_cpp_pr2
                0x08006680        0x0 /usr/local/src/arm-gnu-toolchain-13.2/bin/../lib/gcc/arm-none-eabi/13.2.1/thumb/v7-m/nofp/libgcc.a(unwind-arm.o)
                                  0x8 (size before relaxing)
 .ARM.exidx.text._Unwind_VRS_Pop
                0x08006680        0x8 /usr/local/src/arm-gnu-toolchain-13.2/bin/../lib/gcc/arm-none-eabi/13.2.1/thumb/v7-m/nofp/libgcc.a(unwind-arm.o)
 .ARM.exidx.text.next_unwind_byte
                0x08006688        0x8 /usr/local/src/arm-gnu-toolchain-13.2/bin/../lib/gcc/arm-none-eabi/13.2.1/thumb/v7-m/nofp/libgcc.a(pr-support.o)
 .ARM.exidx.text.__gnu_unwind_execute
                0x08006690       0x10 /usr/local/src/arm-gnu-toolchain-13.2/bin/../lib/gcc/arm-none-eabi/13.2.1/thumb/v7-m/nofp/libgcc.a(pr-support.o)
                                  0x8 (size before relaxing)
                0x080066a0                        __exidx_end = .

.rel.dyn        0x080066a0        0x0
 .rel.iplt      0x080066a0        0x0 /usr/local/src/arm-gnu-toolchain-13.2/bin/../lib/gcc/arm-none-eabi/13.2.1/thumb/v7-m/nofp/crtbegin.o

.preinit_array  0x080066a0        0x0
                0x080066a0                        PROVIDE (__preinit_array_start = .)
 *(.preinit_array*)
                0x080066a0                        PROVIDE (__preinit_array_end = .)

.init_array     0x080066a0        0x4
                0x080066a0                        PROVIDE (__init_array_start = .)
 *(SORT_BY_NAME(.init_array.*))
 *(.init_array*)
 .init_array    0x080066a0        0x4 /usr/local/src/arm-gnu-toolchain-13.2/bin/../lib/gcc/arm-none-eabi/13.2.1/thumb/v7-m/nofp/crtbegin.o
                0x080066a4                        PROVIDE (__init_array_end = .)

.fini_array     0x080066a4        0x4
                [!provide]                        PROVIDE (__fini_array_start = .)
 *(SORT_BY_NAME(.fini_array.*))
 *(.fini_array*)
 .fini_array    0x080066a4        0x4 /usr/local/src/arm-gnu-toolchain-13.2/bin/../lib/gcc/arm-none-eabi/13.2.1/thumb/v7-m/nofp/crtbegin.o
                [!provide]                        PROVIDE (__fini_array_end = .)
                0x080066a8                        _sidata = LOADADDR (.data)

.data           0x20000000       0x60 load address 0x080066a8
                0x20000000                        . = ALIGN (0x4)
                0x20000000                        _sdata = .
 *(.data)
 *(.data*)
 .data.led_panels_tim
                0x20000000        0x4 build/target_tests.o
                0x20000000                led_panels_tim
 .data.uwTickFreq
                0x20000004        0x1 build/stm32f1xx_hal.o
                0x20000004                uwTickFreq
 *fill*         0x20000005        0x3 
 .data.uwTickPrio
                0x20000008        0x4 build/stm32f1xx_hal.o
                0x20000008                uwTickPrio
 .data.SystemCoreClock
                0x2000000c        0x4 build/system_stm32f1xx.o
                0x2000000c                SystemCoreClock
 .data._impure_ptr
                0x20000010        0x4 /usr/local/src/arm-gnu-toolchain-13.2/bin/../lib/gcc/arm-none-eabi/13.2.1/../../../../arm-none-eabi/lib/thumb/v7-m/nofp/libc_nano.a(libc_a-impure.o)
                0x20000010                _impure_ptr
 .data._impure_data
                0x20000014       0x4c /usr/local/src/arm-gnu-toolchain-13.2/bin/../lib/gcc/arm-none-eabi/13.2.1/../../../../arm-none-eabi/lib/thumb/v7-m/nofp/libc_nano.a(libc_a-impure.o)
                0x20000014                _impure_data
                0x20000060                        . = ALIGN (0x4)
                0x20000060                        _edata = .

.tm_clone_table
                0x20000060        0x0 load address 0x08006708
 .tm_clone_table
                0x20000060        0x0 /usr/local/src/arm-gnu-toolchain-13.2/bin/../lib/gcc/arm-none-eabi/13.2.1/thumb/v7-m/nofp/crtbegin.o
 .tm_clone_table
                0x20000060        0x0 /usr/local/src/arm-gnu-toolchain-13.2/bin/../lib/gcc/arm-none-eabi/13.2.1/thumb/v7-m/nofp/crtend.o

.igot.plt       0x20000060        0x0 load address 0x08006708
 .igot.plt      0x20000060        0x0 /usr/local/src/arm-gnu-toolchain-13.2/bin/../lib/gcc/arm-none-eabi/13.2.1/thumb/v7-m/nofp/crtbegin.o
                0x20000060                        . = ALIGN (0x4)

.bss            0x20000060      0x350 load address 0x08006708
                0x20000060                        _sbss = .
                0x20000060                        __bss_start__ = _sbss
 *(.bss)
 *(.bss*)
 .bss.completed.1
                0x20000060        0x1 /usr/local/src/arm-gnu-toolchain-13.2/bin/../lib/gcc/arm-none-eabi/13.2.1/thumb/v7-m/nofp/crtbegin.o
 *fill*         0x20000061        0x3 
 .bss.object.0  0x20000064       0x18 /usr/local/src/arm-gnu-toolchain-13.2/bin/../lib/gcc/arm-none-eabi/13.2.1/thumb/v7-m/nofp/crtbegin.o
 *fill*         0x2000007c        0x4 
 .bss.Unity     0x20000080       0xc8 build/unity.o
                0x20000080                Unity
 .bss.pointer_index
                0x20000148        0x4 build/unity_fixture.o
 .bss.pointer_store
                0x2000014c       0x28 build/unity_fixture.o
 .bss.UnityFixture
                0x20000174       0x14 build/unity_fixture.o
                0x20000174                UnityFixture
 .bss.hdma_tim2_ch1
                0x20000188       0x44 build/target_tests.o
                0x20000188                hdma_tim2_ch1
 .bss.htim2     0x200001cc       0x48 build/target_tests.o
                0x200001cc                htim2
 .bss.huart1    0x20000214       0x48 build/target_tests.o
                0x20000214                huart1
 .bss.buffer    0x2000025c        0x4 build/led_panels_test.o
 .bss.uwTick    0x20000260        0x4 build/stm32f1xx_hal.o
                0x20000260                uwTick
 .bss.__malloc_sbrk_start
                0x20000264        0x4 /usr/local/src/arm-gnu-toolchain-13.2/bin/../lib/gcc/arm-none-eabi/13.2.1/../../../../arm-none-eabi/lib/thumb/v7-m/nofp/libc_nano.a(libc_a-mallocr.o)
                0x20000264                __malloc_sbrk_start
 .bss.__malloc_free_list
                0x20000268        0x4 /usr/local/src/arm-gnu-toolchain-13.2/bin/../lib/gcc/arm-none-eabi/13.2.1/../../../../arm-none-eabi/lib/thumb/v7-m/nofp/libc_nano.a(libc_a-mallocr.o)
                0x20000268                __malloc_free_list
 .bss.__sf      0x2000026c      0x138 /usr/local/src/arm-gnu-toolchain-13.2/bin/../lib/gcc/arm-none-eabi/13.2.1/../../../../arm-none-eabi/lib/thumb/v7-m/nofp/libc_nano.a(libc_a-findfp.o)
                0x2000026c                __sf
 .bss.__lock___malloc_recursive_mutex
                0x200003a4        0x1 /usr/local/src/arm-gnu-toolchain-13.2/bin/../lib/gcc/arm-none-eabi/13.2.1/../../../../arm-none-eabi/lib/thumb/v7-m/nofp/libc_nano.a(libc_a-lock.o)
                0x200003a4                __lock___malloc_recursive_mutex
 *fill*         0x200003a5        0x3 
 .bss.errno     0x200003a8        0x4 /usr/local/src/arm-gnu-toolchain-13.2/bin/../lib/gcc/arm-none-eabi/13.2.1/../../../../arm-none-eabi/lib/thumb/v7-m/nofp/libc_nano.a(libc_a-reent.o)
                0x200003a8                errno
 .bss.heap_end.0
                0x200003ac        0x4 /usr/local/src/arm-gnu-toolchain-13.2/bin/../lib/gcc/arm-none-eabi/13.2.1/../../../../arm-none-eabi/lib/thumb/v7-m/nofp/libnosys.a(sbrk.o)
 *(COMMON)
                0x200003b0                        . = ALIGN (0x4)
                0x200003b0                        _ebss = .
                0x200003b0                        __bss_end__ = _ebss

._user_heap_stack
                0x200003b0      0x600 load address 0x08006708
                0x200003b0                        . = ALIGN (0x8)
                0x200003b0                        PROVIDE (end = .)
                [!provide]                        PROVIDE (_end = .)
                0x200005b0                        . = (. + _Min_Heap_Size)
 *fill*         0x200003b0      0x200 
                0x200009b0                        . = (. + _Min_Stack_Size)
 *fill*         0x200005b0      0x400 
                0x200009b0                        . = ALIGN (0x8)

/DISCARD/
 libc.a(*)
 libm.a(*)
 libgcc.a(*)

.ARM.attributes
                0x00000000       0x29
 *(.ARM.attributes)
 .ARM.attributes
                0x00000000       0x1d /usr/local/src/arm-gnu-toolchain-13.2/bin/../lib/gcc/arm-none-eabi/13.2.1/thumb/v7-m/nofp/crti.o
 .ARM.attributes
                0x0000001d       0x2d /usr/local/src/arm-gnu-toolchain-13.2/bin/../lib/gcc/arm-none-eabi/13.2.1/thumb/v7-m/nofp/crtbegin.o
 .ARM.attributes
                0x0000004a       0x2d build/led_panels_driver.o
 .ARM.attributes
                0x00000077       0x2d build/unity.o
 .ARM.attributes
                0x000000a4       0x2d build/unity_fixture.o
 .ARM.attributes
                0x000000d1       0x2d build/target_tests.o
 .ARM.attributes
                0x000000fe       0x2d build/led_panels_test_runner.o
 .ARM.attributes
                0x0000012b       0x2d build/led_panels_test.o
 .ARM.attributes
                0x00000158       0x2d build/led_panels_io.o
 .ARM.attributes
                0x00000185       0x2d build/stm32f1xx_it.o
 .ARM.attributes
                0x000001b2       0x2d build/stm32f1xx_hal_msp.o
 .ARM.attributes
                0x000001df       0x2d build/stm32f1xx_hal_tim.o
 .ARM.attributes
                0x0000020c       0x2d build/stm32f1xx_hal_tim_ex.o
 .ARM.attributes
                0x00000239       0x2d build/stm32f1xx_hal_uart.o
 .ARM.attributes
                0x00000266       0x2d build/stm32f1xx_hal.o
 .ARM.attributes
                0x00000293       0x2d build/stm32f1xx_hal_rcc.o
 .ARM.attributes
                0x000002c0       0x2d build/stm32f1xx_hal_gpio.o
 .ARM.attributes
                0x000002ed       0x2d build/stm32f1xx_hal_dma.o
 .ARM.attributes
                0x0000031a       0x2d build/stm32f1xx_hal_cortex.o
 .ARM.attributes
                0x00000347       0x2d build/system_stm32f1xx.o
 .ARM.attributes
                0x00000374       0x21 build/startup_stm32f103xb.o
 .ARM.attributes
                0x00000395       0x2d /usr/local/src/arm-gnu-toolchain-13.2/bin/../lib/gcc/arm-none-eabi/13.2.1/../../../../arm-none-eabi/lib/thumb/v7-m/nofp/libc_nano.a(libc_a-init.o)
 .ARM.attributes
                0x000003c2       0x1b /usr/local/src/arm-gnu-toolchain-13.2/bin/../lib/gcc/arm-none-eabi/13.2.1/../../../../arm-none-eabi/lib/thumb/v7-m/nofp/libc_nano.a(libc_a-setjmp.o)
 .ARM.attributes
                0x000003dd       0x1b /usr/local/src/arm-gnu-toolchain-13.2/bin/../lib/gcc/arm-none-eabi/13.2.1/../../../../arm-none-eabi/lib/thumb/v7-m/nofp/libc_nano.a(libc_a-strcmp.o)
 .ARM.attributes
                0x000003f8       0x2d /usr/local/src/arm-gnu-toolchain-13.2/bin/../lib/gcc/arm-none-eabi/13.2.1/../../../../arm-none-eabi/lib/thumb/v7-m/nofp/libc_nano.a(libc_a-memcpy-stub.o)
 .ARM.attributes
                0x00000425       0x2d /usr/local/src/arm-gnu-toolchain-13.2/bin/../lib/gcc/arm-none-eabi/13.2.1/../../../../arm-none-eabi/lib/thumb/v7-m/nofp/libc_nano.a(libc_a-malloc.o)
 .ARM.attributes
                0x00000452       0x2d /usr/local/src/arm-gnu-toolchain-13.2/bin/../lib/gcc/arm-none-eabi/13.2.1/../../../../arm-none-eabi/lib/thumb/v7-m/nofp/libc_nano.a(libc_a-mallocr.o)
 .ARM.attributes
                0x0000047f       0x2d /usr/local/src/arm-gnu-toolchain-13.2/bin/../lib/gcc/arm-none-eabi/13.2.1/../../../../arm-none-eabi/lib/thumb/v7-m/nofp/libc_nano.a(libc_a-findfp.o)
 .ARM.attributes
                0x000004ac       0x2d /usr/local/src/arm-gnu-toolchain-13.2/bin/../lib/gcc/arm-none-eabi/13.2.1/../../../../arm-none-eabi/lib/thumb/v7-m/nofp/libc_nano.a(libc_a-mlock.o)
 .ARM.attributes
                0x000004d9       0x2d /usr/local/src/arm-gnu-toolchain-13.2/bin/../lib/gcc/arm-none-eabi/13.2.1/../../../../arm-none-eabi/lib/thumb/v7-m/nofp/libc_nano.a(libc_a-calloc.o)
 .ARM.attributes
                0x00000506       0x2d /usr/local/src/arm-gnu-toolchain-13.2/bin/../lib/gcc/arm-none-eabi/13.2.1/../../../../arm-none-eabi/lib/thumb/v7-m/nofp/libc_nano.a(libc_a-callocr.o)
 .ARM.attributes
                0x00000533       0x2d /usr/local/src/arm-gnu-toolchain-13.2/bin/../lib/gcc/arm-none-eabi/13.2.1/../../../../arm-none-eabi/lib/thumb/v7-m/nofp/libc_nano.a(libc_a-strstr.o)
 .ARM.attributes
                0x00000560       0x2d /usr/local/src/arm-gnu-toolchain-13.2/bin/../lib/gcc/arm-none-eabi/13.2.1/../../../../arm-none-eabi/lib/thumb/v7-m/nofp/libc_nano.a(libc_a-sbrkr.o)
 .ARM.attributes
                0x0000058d       0x2d /usr/local/src/arm-gnu-toolchain-13.2/bin/../lib/gcc/arm-none-eabi/13.2.1/../../../../arm-none-eabi/lib/thumb/v7-m/nofp/libc_nano.a(libc_a-memset.o)
 .ARM.attributes
                0x000005ba       0x2d /usr/local/src/arm-gnu-toolchain-13.2/bin/../lib/gcc/arm-none-eabi/13.2.1/../../../../arm-none-eabi/lib/thumb/v7-m/nofp/libc_nano.a(libc_a-freer.o)
 .ARM.attributes
                0x000005e7       0x2d /usr/local/src/arm-gnu-toolchain-13.2/bin/../lib/gcc/arm-none-eabi/13.2.1/../../../../arm-none-eabi/lib/thumb/v7-m/nofp/libc_nano.a(libc_a-lock.o)
 .ARM.attributes
                0x00000614       0x2d /usr/local/src/arm-gnu-toolchain-13.2/bin/../lib/gcc/arm-none-eabi/13.2.1/../../../../arm-none-eabi/lib/thumb/v7-m/nofp/libc_nano.a(libc_a-reent.o)
 .ARM.attributes
                0x00000641       0x2d /usr/local/src/arm-gnu-toolchain-13.2/bin/../lib/gcc/arm-none-eabi/13.2.1/../../../../arm-none-eabi/lib/thumb/v7-m/nofp/libc_nano.a(libc_a-impure.o)
 .ARM.attributes
                0x0000066e       0x2d /usr/local/src/arm-gnu-toolchain-13.2/bin/../lib/gcc/arm-none-eabi/13.2.1/../../../../arm-none-eabi/lib/thumb/v7-m/nofp/libnosys.a(sbrk.o)
 .ARM.attributes
                0x0000069b       0x2d /usr/local/src/arm-gnu-toolchain-13.2/bin/../lib/gcc/arm-none-eabi/13.2.1/thumb/v7-m/nofp/libgcc.a(unwind-arm.o)
 .ARM.attributes
                0x000006c8       0x1d /usr/local/src/arm-gnu-toolchain-13.2/bin/../lib/gcc/arm-none-eabi/13.2.1/thumb/v7-m/nofp/libgcc.a(libunwind.o)
 .ARM.attributes
                0x000006e5       0x2d /usr/local/src/arm-gnu-toolchain-13.2/bin/../lib/gcc/arm-none-eabi/13.2.1/thumb/v7-m/nofp/libgcc.a(pr-support.o)
 .ARM.attributes
                0x00000712       0x2d /usr/local/src/arm-gnu-toolchain-13.2/bin/../lib/gcc/arm-none-eabi/13.2.1/../../../../arm-none-eabi/lib/thumb/v7-m/nofp/libc_nano.a(libc_a-abort.o)
 .ARM.attributes
                0x0000073f       0x2d /usr/local/src/arm-gnu-toolchain-13.2/bin/../lib/gcc/arm-none-eabi/13.2.1/../../../../arm-none-eabi/lib/thumb/v7-m/nofp/libc_nano.a(libc_a-signal.o)
 .ARM.attributes
                0x0000076c       0x2d /usr/local/src/arm-gnu-toolchain-13.2/bin/../lib/gcc/arm-none-eabi/13.2.1/../../../../arm-none-eabi/lib/thumb/v7-m/nofp/libc_nano.a(libc_a-signalr.o)
 .ARM.attributes
                0x00000799       0x2d /usr/local/src/arm-gnu-toolchain-13.2/bin/../lib/gcc/arm-none-eabi/13.2.1/thumb/v7-m/nofp/crtend.o
 .ARM.attributes
                0x000007c6       0x1d /usr/local/src/arm-gnu-toolchain-13.2/bin/../lib/gcc/arm-none-eabi/13.2.1/thumb/v7-m/nofp/crtn.o
OUTPUT(build/LED_Panels_Driver.elf elf32-littlearm)
LOAD linker stubs
LOAD /usr/local/src/arm-gnu-toolchain-13.2/bin/../lib/gcc/arm-none-eabi/13.2.1/../../../../arm-none-eabi/lib/thumb/v7-m/nofp/libc.a
LOAD /usr/local/src/arm-gnu-toolchain-13.2/bin/../lib/gcc/arm-none-eabi/13.2.1/../../../../arm-none-eabi/lib/thumb/v7-m/nofp/libm.a
LOAD /usr/local/src/arm-gnu-toolchain-13.2/bin/../lib/gcc/arm-none-eabi/13.2.1/thumb/v7-m/nofp/libgcc.a

.debug_info     0x00000000    0x15e6a
 .debug_info    0x00000000      0xb6a build/led_panels_driver.o
 .debug_info    0x00000b6a     0x375b build/unity.o
 .debug_info    0x000042c5      0xe05 build/unity_fixture.o
 .debug_info    0x000050ca     0x13fc build/target_tests.o
 .debug_info    0x000064c6      0x154 build/led_panels_test_runner.o
 .debug_info    0x0000661a      0x70d build/led_panels_test.o
 .debug_info    0x00006d27      0x7ee build/led_panels_io.o
 .debug_info    0x00007515      0x426 build/stm32f1xx_it.o
 .debug_info    0x0000793b      0xe9f build/stm32f1xx_hal_msp.o
 .debug_info    0x000087da     0x411c build/stm32f1xx_hal_tim.o
 .debug_info    0x0000c8f6     0x1d4f build/stm32f1xx_hal_tim_ex.o
 .debug_info    0x0000e645     0x440c build/stm32f1xx_hal_uart.o
 .debug_info    0x00012a51      0x880 build/stm32f1xx_hal.o
 .debug_info    0x000132d1      0xb10 build/stm32f1xx_hal_rcc.o
 .debug_info    0x00013de1      0x6d7 build/stm32f1xx_hal_gpio.o
 .debug_info    0x000144b8      0x8d5 build/stm32f1xx_hal_dma.o
 .debug_info    0x00014d8d      0xe3f build/stm32f1xx_hal_cortex.o
 .debug_info    0x00015bcc      0x26e build/system_stm32f1xx.o
 .debug_info    0x00015e3a       0x30 build/startup_stm32f103xb.o

.debug_abbrev   0x00000000     0x2b5b
 .debug_abbrev  0x00000000      0x2bb build/led_panels_driver.o
 .debug_abbrev  0x000002bb      0x3e1 build/unity.o
 .debug_abbrev  0x0000069c      0x2c4 build/unity_fixture.o
 .debug_abbrev  0x00000960      0x35c build/target_tests.o
 .debug_abbrev  0x00000cbc       0x78 build/led_panels_test_runner.o
 .debug_abbrev  0x00000d34      0x19b build/led_panels_test.o
 .debug_abbrev  0x00000ecf      0x18c build/led_panels_io.o
 .debug_abbrev  0x0000105b      0x16b build/stm32f1xx_it.o
 .debug_abbrev  0x000011c6      0x230 build/stm32f1xx_hal_msp.o
 .debug_abbrev  0x000013f6      0x2bd build/stm32f1xx_hal_tim.o
 .debug_abbrev  0x000016b3      0x2b7 build/stm32f1xx_hal_tim_ex.o
 .debug_abbrev  0x0000196a      0x35f build/stm32f1xx_hal_uart.o
 .debug_abbrev  0x00001cc9      0x232 build/stm32f1xx_hal.o
 .debug_abbrev  0x00001efb      0x2d6 build/stm32f1xx_hal_rcc.o
 .debug_abbrev  0x000021d1      0x222 build/stm32f1xx_hal_gpio.o
 .debug_abbrev  0x000023f3      0x261 build/stm32f1xx_hal_dma.o
 .debug_abbrev  0x00002654      0x3aa build/stm32f1xx_hal_cortex.o
 .debug_abbrev  0x000029fe      0x140 build/system_stm32f1xx.o
 .debug_abbrev  0x00002b3e       0x1d build/startup_stm32f103xb.o

.debug_loc      0x00000000    0x14203
 .debug_loc     0x00000000      0x947 build/led_panels_driver.o
 .debug_loc     0x00000947     0x2fe5 build/unity.o
 .debug_loc     0x0000392c      0x7a6 build/unity_fixture.o
 .debug_loc     0x000040d2      0x234 build/target_tests.o
 .debug_loc     0x00004306       0x20 build/led_panels_test_runner.o
 .debug_loc     0x00004326      0x391 build/led_panels_test.o
 .debug_loc     0x000046b7       0x90 build/led_panels_io.o
 .debug_loc     0x00004747       0x40 build/stm32f1xx_it.o
 .debug_loc     0x00004787      0x2a7 build/stm32f1xx_hal_msp.o
 .debug_loc     0x00004a2e     0x613e build/stm32f1xx_hal_tim.o
 .debug_loc     0x0000ab6c     0x227b build/stm32f1xx_hal_tim_ex.o
 .debug_loc     0x0000cde7     0x5192 build/stm32f1xx_hal_uart.o
 .debug_loc     0x00011f79      0x1f9 build/stm32f1xx_hal.o
 .debug_loc     0x00012172      0x7c6 build/stm32f1xx_hal_rcc.o
 .debug_loc     0x00012938      0x56c build/stm32f1xx_hal_gpio.o
 .debug_loc     0x00012ea4      0x990 build/stm32f1xx_hal_dma.o
 .debug_loc     0x00013834      0x8b4 build/stm32f1xx_hal_cortex.o
 .debug_loc     0x000140e8      0x11b build/system_stm32f1xx.o

.debug_aranges  0x00000000      0xed8
 .debug_aranges
                0x00000000       0x88 build/led_panels_driver.o
 .debug_aranges
                0x00000088      0x150 build/unity.o
 .debug_aranges
                0x000001d8       0x88 build/unity_fixture.o
 .debug_aranges
                0x00000260       0x80 build/target_tests.o
 .debug_aranges
                0x000002e0       0x20 build/led_panels_test_runner.o
 .debug_aranges
                0x00000300       0x70 build/led_panels_test.o
 .debug_aranges
                0x00000370       0x20 build/led_panels_io.o
 .debug_aranges
                0x00000390       0x68 build/stm32f1xx_it.o
 .debug_aranges
                0x000003f8       0x48 build/stm32f1xx_hal_msp.o
 .debug_aranges
                0x00000440      0x3d0 build/stm32f1xx_hal_tim.o
 .debug_aranges
                0x00000810      0x168 build/stm32f1xx_hal_tim_ex.o
 .debug_aranges
                0x00000978      0x208 build/stm32f1xx_hal_uart.o
 .debug_aranges
                0x00000b80       0xe0 build/stm32f1xx_hal.o
 .debug_aranges
                0x00000c60       0x90 build/stm32f1xx_hal_rcc.o
 .debug_aranges
                0x00000cf0       0x58 build/stm32f1xx_hal_gpio.o
 .debug_aranges
                0x00000d48       0x80 build/stm32f1xx_hal_dma.o
 .debug_aranges
                0x00000dc8       0xc0 build/stm32f1xx_hal_cortex.o
 .debug_aranges
                0x00000e88       0x28 build/system_stm32f1xx.o
 .debug_aranges
                0x00000eb0       0x28 build/startup_stm32f103xb.o

.debug_ranges   0x00000000      0xef8
 .debug_ranges  0x00000000       0xa8 build/led_panels_driver.o
 .debug_ranges  0x000000a8      0x1d8 build/unity.o
 .debug_ranges  0x00000280       0x78 build/unity_fixture.o
 .debug_ranges  0x000002f8       0x70 build/target_tests.o
 .debug_ranges  0x00000368       0x10 build/led_panels_test_runner.o
 .debug_ranges  0x00000378       0xa8 build/led_panels_test.o
 .debug_ranges  0x00000420       0x10 build/led_panels_io.o
 .debug_ranges  0x00000430       0x58 build/stm32f1xx_it.o
 .debug_ranges  0x00000488       0x38 build/stm32f1xx_hal_msp.o
 .debug_ranges  0x000004c0      0x3c0 build/stm32f1xx_hal_tim.o
 .debug_ranges  0x00000880      0x158 build/stm32f1xx_hal_tim_ex.o
 .debug_ranges  0x000009d8      0x210 build/stm32f1xx_hal_uart.o
 .debug_ranges  0x00000be8       0xd0 build/stm32f1xx_hal.o
 .debug_ranges  0x00000cb8       0xa0 build/stm32f1xx_hal_rcc.o
 .debug_ranges  0x00000d58       0x48 build/stm32f1xx_hal_gpio.o
 .debug_ranges  0x00000da0       0x70 build/stm32f1xx_hal_dma.o
 .debug_ranges  0x00000e10       0xb0 build/stm32f1xx_hal_cortex.o
 .debug_ranges  0x00000ec0       0x18 build/system_stm32f1xx.o
 .debug_ranges  0x00000ed8       0x20 build/startup_stm32f103xb.o

.debug_line     0x00000000     0xf5d5
 .debug_line    0x00000000      0x5f7 build/led_panels_driver.o
 .debug_line    0x000005f7     0x17b4 build/unity.o
 .debug_line    0x00001dab      0x75c build/unity_fixture.o
 .debug_line    0x00002507      0x58d build/target_tests.o
 .debug_line    0x00002a94       0x9d build/led_panels_test_runner.o
 .debug_line    0x00002b31      0x37e build/led_panels_test.o
 .debug_line    0x00002eaf      0x1e9 build/led_panels_io.o
 .debug_line    0x00003098      0x264 build/stm32f1xx_it.o
 .debug_line    0x000032fc      0x3a5 build/stm32f1xx_hal_msp.o
 .debug_line    0x000036a1     0x45c6 build/stm32f1xx_hal_tim.o
 .debug_line    0x00007c67     0x19d9 build/stm32f1xx_hal_tim_ex.o
 .debug_line    0x00009640     0x34e5 build/stm32f1xx_hal_uart.o
 .debug_line    0x0000cb25      0x4f8 build/stm32f1xx_hal.o
 .debug_line    0x0000d01d      0xc74 build/stm32f1xx_hal_rcc.o
 .debug_line    0x0000dc91      0x59a build/stm32f1xx_hal_gpio.o
 .debug_line    0x0000e22b      0xab9 build/stm32f1xx_hal_dma.o
 .debug_line    0x0000ece4      0x671 build/stm32f1xx_hal_cortex.o
 .debug_line    0x0000f355      0x20f build/system_stm32f1xx.o
 .debug_line    0x0000f564       0x71 build/startup_stm32f103xb.o

.debug_str      0x00000000     0x4ac3
 .debug_str     0x00000000     0x4ac3 build/led_panels_driver.o
                                0x53c (size before relaxing)
 .debug_str     0x00004ac3      0xe30 build/unity.o
 .debug_str     0x00004ac3      0x4f4 build/unity_fixture.o
 .debug_str     0x00004ac3      0xfaf build/target_tests.o
 .debug_str     0x00004ac3      0x277 build/led_panels_test_runner.o
 .debug_str     0x00004ac3      0x51d build/led_panels_test.o
 .debug_str     0x00004ac3      0x765 build/led_panels_io.o
 .debug_str     0x00004ac3      0x42f build/stm32f1xx_it.o
 .debug_str     0x00004ac3      0xa25 build/stm32f1xx_hal_msp.o
 .debug_str     0x00004ac3     0x165d build/stm32f1xx_hal_tim.o
 .debug_str     0x00004ac3      0xe79 build/stm32f1xx_hal_tim_ex.o
 .debug_str     0x00004ac3      0xcdc build/stm32f1xx_hal_uart.o
 .debug_str     0x00004ac3      0x816 build/stm32f1xx_hal.o
 .debug_str     0x00004ac3      0x613 build/stm32f1xx_hal_rcc.o
 .debug_str     0x00004ac3      0x3e8 build/stm32f1xx_hal_gpio.o
 .debug_str     0x00004ac3      0x5e5 build/stm32f1xx_hal_dma.o
 .debug_str     0x00004ac3      0x8bb build/stm32f1xx_hal_cortex.o
 .debug_str     0x00004ac3      0x23c build/system_stm32f1xx.o
 .debug_str     0x00004ac3       0x73 build/startup_stm32f103xb.o

.comment        0x00000000       0x44
 .comment       0x00000000       0x44 build/led_panels_driver.o
                                 0x45 (size before relaxing)
 .comment       0x00000044       0x45 build/unity.o
 .comment       0x00000044       0x45 build/unity_fixture.o
 .comment       0x00000044       0x45 build/target_tests.o
 .comment       0x00000044       0x45 build/led_panels_test_runner.o
 .comment       0x00000044       0x45 build/led_panels_test.o
 .comment       0x00000044       0x45 build/led_panels_io.o
 .comment       0x00000044       0x45 build/stm32f1xx_it.o
 .comment       0x00000044       0x45 build/stm32f1xx_hal_msp.o
 .comment       0x00000044       0x45 build/stm32f1xx_hal_tim.o
 .comment       0x00000044       0x45 build/stm32f1xx_hal_tim_ex.o
 .comment       0x00000044       0x45 build/stm32f1xx_hal_uart.o
 .comment       0x00000044       0x45 build/stm32f1xx_hal.o
 .comment       0x00000044       0x45 build/stm32f1xx_hal_rcc.o
 .comment       0x00000044       0x45 build/stm32f1xx_hal_gpio.o
 .comment       0x00000044       0x45 build/stm32f1xx_hal_dma.o
 .comment       0x00000044       0x45 build/stm32f1xx_hal_cortex.o
 .comment       0x00000044       0x45 build/system_stm32f1xx.o

.debug_frame    0x00000000     0x315c
 .debug_frame   0x00000000      0x170 build/led_panels_driver.o
 .debug_frame   0x00000170      0x4a4 build/unity.o
 .debug_frame   0x00000614      0x15c build/unity_fixture.o
 .debug_frame   0x00000770      0x140 build/target_tests.o
 .debug_frame   0x000008b0       0x28 build/led_panels_test_runner.o
 .debug_frame   0x000008d8      0x13c build/led_panels_test.o
 .debug_frame   0x00000a14       0x28 build/led_panels_io.o
 .debug_frame   0x00000a3c       0xc0 build/stm32f1xx_it.o
 .debug_frame   0x00000afc       0xb8 build/stm32f1xx_hal_msp.o
 .debug_frame   0x00000bb4      0xb14 build/stm32f1xx_hal_tim.o
 .debug_frame   0x000016c8      0x418 build/stm32f1xx_hal_tim_ex.o
 .debug_frame   0x00001ae0      0x5d4 build/stm32f1xx_hal_uart.o
 .debug_frame   0x000020b4      0x1cc build/stm32f1xx_hal.o
 .debug_frame   0x00002280      0x184 build/stm32f1xx_hal_rcc.o
 .debug_frame   0x00002404       0xe4 build/stm32f1xx_hal_gpio.o
 .debug_frame   0x000024e8      0x144 build/stm32f1xx_hal_dma.o
 .debug_frame   0x0000262c      0x19c build/stm32f1xx_hal_cortex.o
 .debug_frame   0x000027c8       0x30 build/system_stm32f1xx.o
 .debug_frame   0x000027f8       0x2c /usr/local/src/arm-gnu-toolchain-13.2/bin/../lib/gcc/arm-none-eabi/13.2.1/../../../../arm-none-eabi/lib/thumb/v7-m/nofp/libc_nano.a(libc_a-init.o)
 .debug_frame   0x00002824       0x20 /usr/local/src/arm-gnu-toolchain-13.2/bin/../lib/gcc/arm-none-eabi/13.2.1/../../../../arm-none-eabi/lib/thumb/v7-m/nofp/libc_nano.a(libc_a-strcmp.o)
 .debug_frame   0x00002844       0x28 /usr/local/src/arm-gnu-toolchain-13.2/bin/../lib/gcc/arm-none-eabi/13.2.1/../../../../arm-none-eabi/lib/thumb/v7-m/nofp/libc_nano.a(libc_a-memcpy-stub.o)
 .debug_frame   0x0000286c       0x30 /usr/local/src/arm-gnu-toolchain-13.2/bin/../lib/gcc/arm-none-eabi/13.2.1/../../../../arm-none-eabi/lib/thumb/v7-m/nofp/libc_nano.a(libc_a-malloc.o)
 .debug_frame   0x0000289c       0x50 /usr/local/src/arm-gnu-toolchain-13.2/bin/../lib/gcc/arm-none-eabi/13.2.1/../../../../arm-none-eabi/lib/thumb/v7-m/nofp/libc_nano.a(libc_a-mallocr.o)
 .debug_frame   0x000028ec      0x144 /usr/local/src/arm-gnu-toolchain-13.2/bin/../lib/gcc/arm-none-eabi/13.2.1/../../../../arm-none-eabi/lib/thumb/v7-m/nofp/libc_nano.a(libc_a-findfp.o)
 .debug_frame   0x00002a30       0x30 /usr/local/src/arm-gnu-toolchain-13.2/bin/../lib/gcc/arm-none-eabi/13.2.1/../../../../arm-none-eabi/lib/thumb/v7-m/nofp/libc_nano.a(libc_a-mlock.o)
 .debug_frame   0x00002a60       0x20 /usr/local/src/arm-gnu-toolchain-13.2/bin/../lib/gcc/arm-none-eabi/13.2.1/../../../../arm-none-eabi/lib/thumb/v7-m/nofp/libc_nano.a(libc_a-calloc.o)
 .debug_frame   0x00002a80       0x2c /usr/local/src/arm-gnu-toolchain-13.2/bin/../lib/gcc/arm-none-eabi/13.2.1/../../../../arm-none-eabi/lib/thumb/v7-m/nofp/libc_nano.a(libc_a-callocr.o)
 .debug_frame   0x00002aac       0x2c /usr/local/src/arm-gnu-toolchain-13.2/bin/../lib/gcc/arm-none-eabi/13.2.1/../../../../arm-none-eabi/lib/thumb/v7-m/nofp/libc_nano.a(libc_a-strstr.o)
 .debug_frame   0x00002ad8       0x2c /usr/local/src/arm-gnu-toolchain-13.2/bin/../lib/gcc/arm-none-eabi/13.2.1/../../../../arm-none-eabi/lib/thumb/v7-m/nofp/libc_nano.a(libc_a-sbrkr.o)
 .debug_frame   0x00002b04       0x20 /usr/local/src/arm-gnu-toolchain-13.2/bin/../lib/gcc/arm-none-eabi/13.2.1/../../../../arm-none-eabi/lib/thumb/v7-m/nofp/libc_nano.a(libc_a-memset.o)
 .debug_frame   0x00002b24       0x38 /usr/local/src/arm-gnu-toolchain-13.2/bin/../lib/gcc/arm-none-eabi/13.2.1/../../../../arm-none-eabi/lib/thumb/v7-m/nofp/libc_nano.a(libc_a-freer.o)
 .debug_frame   0x00002b5c       0xb0 /usr/local/src/arm-gnu-toolchain-13.2/bin/../lib/gcc/arm-none-eabi/13.2.1/../../../../arm-none-eabi/lib/thumb/v7-m/nofp/libc_nano.a(libc_a-lock.o)
 .debug_frame   0x00002c0c       0x38 /usr/local/src/arm-gnu-toolchain-13.2/bin/../lib/gcc/arm-none-eabi/13.2.1/../../../../arm-none-eabi/lib/thumb/v7-m/nofp/libc_nano.a(libc_a-reent.o)
 .debug_frame   0x00002c44       0x20 /usr/local/src/arm-gnu-toolchain-13.2/bin/../lib/gcc/arm-none-eabi/13.2.1/../../../../arm-none-eabi/lib/thumb/v7-m/nofp/libnosys.a(sbrk.o)
 .debug_frame   0x00002c64      0x2d4 /usr/local/src/arm-gnu-toolchain-13.2/bin/../lib/gcc/arm-none-eabi/13.2.1/thumb/v7-m/nofp/libgcc.a(unwind-arm.o)
 .debug_frame   0x00002f38       0xf4 /usr/local/src/arm-gnu-toolchain-13.2/bin/../lib/gcc/arm-none-eabi/13.2.1/thumb/v7-m/nofp/libgcc.a(pr-support.o)
 .debug_frame   0x0000302c       0x28 /usr/local/src/arm-gnu-toolchain-13.2/bin/../lib/gcc/arm-none-eabi/13.2.1/../../../../arm-none-eabi/lib/thumb/v7-m/nofp/libc_nano.a(libc_a-abort.o)
 .debug_frame   0x00003054       0xcc /usr/local/src/arm-gnu-toolchain-13.2/bin/../lib/gcc/arm-none-eabi/13.2.1/../../../../arm-none-eabi/lib/thumb/v7-m/nofp/libc_nano.a(libc_a-signal.o)
 .debug_frame   0x00003120       0x3c /usr/local/src/arm-gnu-toolchain-13.2/bin/../lib/gcc/arm-none-eabi/13.2.1/../../../../arm-none-eabi/lib/thumb/v7-m/nofp/libc_nano.a(libc_a-signalr.o)

.debug_line_str
                0x00000000      0x1aa
 .debug_line_str
                0x00000000      0x1aa /usr/local/src/arm-gnu-toolchain-13.2/bin/../lib/gcc/arm-none-eabi/13.2.1/../../../../arm-none-eabi/lib/thumb/v7-m/nofp/libc_nano.a(libc_a-setjmp.o)
                                 0xd6 (size before relaxing)
 .debug_line_str
                0x000001aa       0xdf /usr/local/src/arm-gnu-toolchain-13.2/bin/../lib/gcc/arm-none-eabi/13.2.1/../../../../arm-none-eabi/lib/thumb/v7-m/nofp/libc_nano.a(libc_a-strcmp.o)
 .debug_line_str
                0x000001aa       0xc2 /usr/local/src/arm-gnu-toolchain-13.2/bin/../lib/gcc/arm-none-eabi/13.2.1/thumb/v7-m/nofp/libgcc.a(libunwind.o)

Cross Reference Table

Symbol                                            File
ADC1_2_IRQHandler                                 build/startup_stm32f103xb.o
AHBPrescTable                                     build/system_stm32f1xx.o
                                                  build/stm32f1xx_hal_rcc.o
APBPrescTable                                     build/system_stm32f1xx.o
                                                  build/stm32f1xx_hal_rcc.o
BusFault_Handler                                  build/stm32f1xx_it.o
CAN1_RX1_IRQHandler                               build/startup_stm32f103xb.o
CAN1_SCE_IRQHandler                               build/startup_stm32f103xb.o
DMA1_Channel1_IRQHandler                          build/startup_stm32f103xb.o
DMA1_Channel2_IRQHandler                          build/startup_stm32f103xb.o
DMA1_Channel3_IRQHandler                          build/startup_stm32f103xb.o
DMA1_Channel4_IRQHandler                          build/startup_stm32f103xb.o
DMA1_Channel5_IRQHandler                          build/stm32f1xx_it.o
DMA1_Channel6_IRQHandler                          build/startup_stm32f103xb.o
DMA1_Channel7_IRQHandler                          build/startup_stm32f103xb.o
DebugMon_Handler                                  build/stm32f1xx_it.o
Default_Handler                                   build/startup_stm32f103xb.o
EXTI0_IRQHandler                                  build/startup_stm32f103xb.o
EXTI15_10_IRQHandler                              build/startup_stm32f103xb.o
EXTI1_IRQHandler                                  build/startup_stm32f103xb.o
EXTI2_IRQHandler                                  build/startup_stm32f103xb.o
EXTI3_IRQHandler                                  build/startup_stm32f103xb.o
EXTI4_IRQHandler                                  build/startup_stm32f103xb.o
EXTI9_5_IRQHandler                                build/startup_stm32f103xb.o
Error_Handler                                     build/target_tests.o
                                                  build/stm32f1xx_hal_msp.o
FLASH_IRQHandler                                  build/startup_stm32f103xb.o
FLASH_PageErase                                   build/stm32f1xx_hal_flash_ex.o
                                                  build/stm32f1xx_hal_flash.o
FLASH_WaitForLastOperation                        build/stm32f1xx_hal_flash.o
                                                  build/stm32f1xx_hal_flash_ex.o
HAL_DBGMCU_DisableDBGSleepMode                    build/stm32f1xx_hal.o
HAL_DBGMCU_DisableDBGStandbyMode                  build/stm32f1xx_hal.o
HAL_DBGMCU_DisableDBGStopMode                     build/stm32f1xx_hal.o
HAL_DBGMCU_EnableDBGSleepMode                     build/stm32f1xx_hal.o
HAL_DBGMCU_EnableDBGStandbyMode                   build/stm32f1xx_hal.o
HAL_DBGMCU_EnableDBGStopMode                      build/stm32f1xx_hal.o
HAL_DMA_Abort                                     build/stm32f1xx_hal_dma.o
                                                  build/stm32f1xx_hal_uart.o
HAL_DMA_Abort_IT                                  build/stm32f1xx_hal_dma.o
                                                  build/stm32f1xx_hal_uart.o
                                                  build/stm32f1xx_hal_tim_ex.o
                                                  build/stm32f1xx_hal_tim.o
HAL_DMA_DeInit                                    build/stm32f1xx_hal_dma.o
                                                  build/stm32f1xx_hal_msp.o
HAL_DMA_GetError                                  build/stm32f1xx_hal_dma.o
                                                  build/stm32f1xx_hal_uart.o
HAL_DMA_GetState                                  build/stm32f1xx_hal_dma.o
HAL_DMA_IRQHandler                                build/stm32f1xx_hal_dma.o
                                                  build/stm32f1xx_it.o
HAL_DMA_Init                                      build/stm32f1xx_hal_dma.o
                                                  build/stm32f1xx_hal_msp.o
HAL_DMA_PollForTransfer                           build/stm32f1xx_hal_dma.o
HAL_DMA_RegisterCallback                          build/stm32f1xx_hal_dma.o
HAL_DMA_Start                                     build/stm32f1xx_hal_dma.o
HAL_DMA_Start_IT                                  build/stm32f1xx_hal_dma.o
                                                  build/stm32f1xx_hal_uart.o
                                                  build/stm32f1xx_hal_tim_ex.o
                                                  build/stm32f1xx_hal_tim.o
HAL_DMA_UnRegisterCallback                        build/stm32f1xx_hal_dma.o
HAL_DeInit                                        build/stm32f1xx_hal.o
HAL_Delay                                         build/stm32f1xx_hal.o
HAL_EXTI_ClearConfigLine                          build/stm32f1xx_hal_exti.o
HAL_EXTI_ClearPending                             build/stm32f1xx_hal_exti.o
HAL_EXTI_GenerateSWI                              build/stm32f1xx_hal_exti.o
HAL_EXTI_GetConfigLine                            build/stm32f1xx_hal_exti.o
HAL_EXTI_GetHandle                                build/stm32f1xx_hal_exti.o
HAL_EXTI_GetPending                               build/stm32f1xx_hal_exti.o
HAL_EXTI_IRQHandler                               build/stm32f1xx_hal_exti.o
HAL_EXTI_RegisterCallback                         build/stm32f1xx_hal_exti.o
HAL_EXTI_SetConfigLine                            build/stm32f1xx_hal_exti.o
HAL_FLASHEx_Erase                                 build/stm32f1xx_hal_flash_ex.o
HAL_FLASHEx_Erase_IT                              build/stm32f1xx_hal_flash_ex.o
HAL_FLASHEx_OBErase                               build/stm32f1xx_hal_flash_ex.o
HAL_FLASHEx_OBGetConfig                           build/stm32f1xx_hal_flash_ex.o
HAL_FLASHEx_OBGetUserData                         build/stm32f1xx_hal_flash_ex.o
HAL_FLASHEx_OBProgram                             build/stm32f1xx_hal_flash_ex.o
HAL_FLASH_EndOfOperationCallback                  build/stm32f1xx_hal_flash.o
HAL_FLASH_GetError                                build/stm32f1xx_hal_flash.o
HAL_FLASH_IRQHandler                              build/stm32f1xx_hal_flash.o
HAL_FLASH_Lock                                    build/stm32f1xx_hal_flash.o
HAL_FLASH_OB_Launch                               build/stm32f1xx_hal_flash.o
HAL_FLASH_OB_Lock                                 build/stm32f1xx_hal_flash.o
HAL_FLASH_OB_Unlock                               build/stm32f1xx_hal_flash.o
HAL_FLASH_OperationErrorCallback                  build/stm32f1xx_hal_flash.o
HAL_FLASH_Program                                 build/stm32f1xx_hal_flash.o
HAL_FLASH_Program_IT                              build/stm32f1xx_hal_flash.o
HAL_FLASH_Unlock                                  build/stm32f1xx_hal_flash.o
HAL_GPIOEx_ConfigEventout                         build/stm32f1xx_hal_gpio_ex.o
HAL_GPIOEx_DisableEventout                        build/stm32f1xx_hal_gpio_ex.o
HAL_GPIOEx_EnableEventout                         build/stm32f1xx_hal_gpio_ex.o
HAL_GPIO_DeInit                                   build/stm32f1xx_hal_gpio.o
                                                  build/stm32f1xx_hal_msp.o
HAL_GPIO_EXTI_Callback                            build/stm32f1xx_hal_gpio.o
HAL_GPIO_EXTI_IRQHandler                          build/stm32f1xx_hal_gpio.o
HAL_GPIO_Init                                     build/stm32f1xx_hal_gpio.o
                                                  build/stm32f1xx_hal_rcc.o
                                                  build/stm32f1xx_hal_msp.o
HAL_GPIO_LockPin                                  build/stm32f1xx_hal_gpio.o
HAL_GPIO_ReadPin                                  build/stm32f1xx_hal_gpio.o
HAL_GPIO_TogglePin                                build/stm32f1xx_hal_gpio.o
HAL_GPIO_WritePin                                 build/stm32f1xx_hal_gpio.o
HAL_GetDEVID                                      build/stm32f1xx_hal.o
HAL_GetHalVersion                                 build/stm32f1xx_hal.o
HAL_GetREVID                                      build/stm32f1xx_hal.o
HAL_GetTick                                       build/stm32f1xx_hal.o
                                                  build/stm32f1xx_hal_flash.o
                                                  build/stm32f1xx_hal_dma.o
                                                  build/stm32f1xx_hal_rcc_ex.o
                                                  build/stm32f1xx_hal_rcc.o
                                                  build/stm32f1xx_hal_uart.o
HAL_GetTickFreq                                   build/stm32f1xx_hal.o
HAL_GetTickPrio                                   build/stm32f1xx_hal.o
HAL_GetUIDw0                                      build/stm32f1xx_hal.o
HAL_GetUIDw1                                      build/stm32f1xx_hal.o
HAL_GetUIDw2                                      build/stm32f1xx_hal.o
HAL_HalfDuplex_EnableReceiver                     build/stm32f1xx_hal_uart.o
HAL_HalfDuplex_EnableTransmitter                  build/stm32f1xx_hal_uart.o
HAL_HalfDuplex_Init                               build/stm32f1xx_hal_uart.o
HAL_IncTick                                       build/stm32f1xx_hal.o
                                                  build/stm32f1xx_it.o
HAL_Init                                          build/stm32f1xx_hal.o
                                                  build/target_tests.o
HAL_InitTick                                      build/stm32f1xx_hal.o
                                                  build/stm32f1xx_hal_rcc.o
HAL_LIN_Init                                      build/stm32f1xx_hal_uart.o
HAL_LIN_SendBreak                                 build/stm32f1xx_hal_uart.o
HAL_MspDeInit                                     build/stm32f1xx_hal.o
HAL_MspInit                                       build/stm32f1xx_hal_msp.o
HAL_MultiProcessor_EnterMuteMode                  build/stm32f1xx_hal_uart.o
HAL_MultiProcessor_ExitMuteMode                   build/stm32f1xx_hal_uart.o
HAL_MultiProcessor_Init                           build/stm32f1xx_hal_uart.o
HAL_NVIC_ClearPendingIRQ                          build/stm32f1xx_hal_cortex.o
HAL_NVIC_DisableIRQ                               build/stm32f1xx_hal_cortex.o
HAL_NVIC_EnableIRQ                                build/stm32f1xx_hal_cortex.o
                                                  build/target_tests.o
HAL_NVIC_GetActive                                build/stm32f1xx_hal_cortex.o
HAL_NVIC_GetPendingIRQ                            build/stm32f1xx_hal_cortex.o
HAL_NVIC_GetPriority                              build/stm32f1xx_hal_cortex.o
HAL_NVIC_GetPriorityGrouping                      build/stm32f1xx_hal_cortex.o
HAL_NVIC_SetPendingIRQ                            build/stm32f1xx_hal_cortex.o
HAL_NVIC_SetPriority                              build/stm32f1xx_hal_cortex.o
                                                  build/stm32f1xx_hal.o
                                                  build/target_tests.o
HAL_NVIC_SetPriorityGrouping                      build/stm32f1xx_hal_cortex.o
                                                  build/stm32f1xx_hal.o
HAL_NVIC_SystemReset                              build/stm32f1xx_hal_cortex.o
                                                  build/stm32f1xx_hal_flash.o
HAL_PWR_ConfigPVD                                 build/stm32f1xx_hal_pwr.o
HAL_PWR_DeInit                                    build/stm32f1xx_hal_pwr.o
HAL_PWR_DisableBkUpAccess                         build/stm32f1xx_hal_pwr.o
HAL_PWR_DisablePVD                                build/stm32f1xx_hal_pwr.o
HAL_PWR_DisableSEVOnPend                          build/stm32f1xx_hal_pwr.o
HAL_PWR_DisableSleepOnExit                        build/stm32f1xx_hal_pwr.o
HAL_PWR_DisableWakeUpPin                          build/stm32f1xx_hal_pwr.o
HAL_PWR_EnableBkUpAccess                          build/stm32f1xx_hal_pwr.o
HAL_PWR_EnablePVD                                 build/stm32f1xx_hal_pwr.o
HAL_PWR_EnableSEVOnPend                           build/stm32f1xx_hal_pwr.o
HAL_PWR_EnableSleepOnExit                         build/stm32f1xx_hal_pwr.o
HAL_PWR_EnableWakeUpPin                           build/stm32f1xx_hal_pwr.o
HAL_PWR_EnterSLEEPMode                            build/stm32f1xx_hal_pwr.o
HAL_PWR_EnterSTANDBYMode                          build/stm32f1xx_hal_pwr.o
HAL_PWR_EnterSTOPMode                             build/stm32f1xx_hal_pwr.o
HAL_PWR_PVDCallback                               build/stm32f1xx_hal_pwr.o
HAL_PWR_PVD_IRQHandler                            build/stm32f1xx_hal_pwr.o
HAL_RCCEx_GetPeriphCLKConfig                      build/stm32f1xx_hal_rcc_ex.o
HAL_RCCEx_GetPeriphCLKFreq                        build/stm32f1xx_hal_rcc_ex.o
HAL_RCCEx_PeriphCLKConfig                         build/stm32f1xx_hal_rcc_ex.o
HAL_RCC_CSSCallback                               build/stm32f1xx_hal_rcc.o
HAL_RCC_ClockConfig                               build/stm32f1xx_hal_rcc.o
                                                  build/target_tests.o
HAL_RCC_DeInit                                    build/stm32f1xx_hal_rcc.o
HAL_RCC_DisableCSS                                build/stm32f1xx_hal_rcc.o
HAL_RCC_EnableCSS                                 build/stm32f1xx_hal_rcc.o
HAL_RCC_GetClockConfig                            build/stm32f1xx_hal_rcc.o
HAL_RCC_GetHCLKFreq                               build/stm32f1xx_hal_rcc.o
HAL_RCC_GetOscConfig                              build/stm32f1xx_hal_rcc.o
HAL_RCC_GetPCLK1Freq                              build/stm32f1xx_hal_rcc.o
                                                  build/stm32f1xx_hal_uart.o
HAL_RCC_GetPCLK2Freq                              build/stm32f1xx_hal_rcc.o
                                                  build/stm32f1xx_hal_rcc_ex.o
                                                  build/stm32f1xx_hal_uart.o
HAL_RCC_GetSysClockFreq                           build/stm32f1xx_hal_rcc.o
HAL_RCC_MCOConfig                                 build/stm32f1xx_hal_rcc.o
HAL_RCC_NMI_IRQHandler                            build/stm32f1xx_hal_rcc.o
HAL_RCC_OscConfig                                 build/stm32f1xx_hal_rcc.o
                                                  build/target_tests.o
HAL_ResumeTick                                    build/stm32f1xx_hal.o
HAL_SYSTICK_CLKSourceConfig                       build/stm32f1xx_hal_cortex.o
HAL_SYSTICK_Callback                              build/stm32f1xx_hal_cortex.o
HAL_SYSTICK_Config                                build/stm32f1xx_hal_cortex.o
                                                  build/stm32f1xx_hal.o
HAL_SYSTICK_IRQHandler                            build/stm32f1xx_hal_cortex.o
HAL_SetTickFreq                                   build/stm32f1xx_hal.o
HAL_SuspendTick                                   build/stm32f1xx_hal.o
HAL_TIMEx_BreakCallback                           build/stm32f1xx_hal_tim_ex.o
                                                  build/stm32f1xx_hal_tim.o
HAL_TIMEx_CommutCallback                          build/stm32f1xx_hal_tim_ex.o
                                                  build/stm32f1xx_hal_tim.o
HAL_TIMEx_CommutHalfCpltCallback                  build/stm32f1xx_hal_tim_ex.o
HAL_TIMEx_ConfigBreakDeadTime                     build/stm32f1xx_hal_tim_ex.o
HAL_TIMEx_ConfigCommutEvent                       build/stm32f1xx_hal_tim_ex.o
HAL_TIMEx_ConfigCommutEvent_DMA                   build/stm32f1xx_hal_tim_ex.o
HAL_TIMEx_ConfigCommutEvent_IT                    build/stm32f1xx_hal_tim_ex.o
HAL_TIMEx_GetChannelNState                        build/stm32f1xx_hal_tim_ex.o
HAL_TIMEx_HallSensor_DeInit                       build/stm32f1xx_hal_tim_ex.o
HAL_TIMEx_HallSensor_GetState                     build/stm32f1xx_hal_tim_ex.o
HAL_TIMEx_HallSensor_Init                         build/stm32f1xx_hal_tim_ex.o
HAL_TIMEx_HallSensor_MspDeInit                    build/stm32f1xx_hal_tim_ex.o
HAL_TIMEx_HallSensor_MspInit                      build/stm32f1xx_hal_tim_ex.o
HAL_TIMEx_HallSensor_Start                        build/stm32f1xx_hal_tim_ex.o
HAL_TIMEx_HallSensor_Start_DMA                    build/stm32f1xx_hal_tim_ex.o
HAL_TIMEx_HallSensor_Start_IT                     build/stm32f1xx_hal_tim_ex.o
HAL_TIMEx_HallSensor_Stop                         build/stm32f1xx_hal_tim_ex.o
HAL_TIMEx_HallSensor_Stop_DMA                     build/stm32f1xx_hal_tim_ex.o
HAL_TIMEx_HallSensor_Stop_IT                      build/stm32f1xx_hal_tim_ex.o
HAL_TIMEx_MasterConfigSynchronization             build/stm32f1xx_hal_tim_ex.o
                                                  build/target_tests.o
HAL_TIMEx_OCN_Start                               build/stm32f1xx_hal_tim_ex.o
HAL_TIMEx_OCN_Start_DMA                           build/stm32f1xx_hal_tim_ex.o
HAL_TIMEx_OCN_Start_IT                            build/stm32f1xx_hal_tim_ex.o
HAL_TIMEx_OCN_Stop                                build/stm32f1xx_hal_tim_ex.o
HAL_TIMEx_OCN_Stop_DMA                            build/stm32f1xx_hal_tim_ex.o
HAL_TIMEx_OCN_Stop_IT                             build/stm32f1xx_hal_tim_ex.o
HAL_TIMEx_OnePulseN_Start                         build/stm32f1xx_hal_tim_ex.o
HAL_TIMEx_OnePulseN_Start_IT                      build/stm32f1xx_hal_tim_ex.o
HAL_TIMEx_OnePulseN_Stop                          build/stm32f1xx_hal_tim_ex.o
HAL_TIMEx_OnePulseN_Stop_IT                       build/stm32f1xx_hal_tim_ex.o
HAL_TIMEx_PWMN_Start                              build/stm32f1xx_hal_tim_ex.o
HAL_TIMEx_PWMN_Start_DMA                          build/stm32f1xx_hal_tim_ex.o
HAL_TIMEx_PWMN_Start_IT                           build/stm32f1xx_hal_tim_ex.o
HAL_TIMEx_PWMN_Stop                               build/stm32f1xx_hal_tim_ex.o
HAL_TIMEx_PWMN_Stop_DMA                           build/stm32f1xx_hal_tim_ex.o
HAL_TIMEx_PWMN_Stop_IT                            build/stm32f1xx_hal_tim_ex.o
HAL_TIMEx_RemapConfig                             build/stm32f1xx_hal_tim_ex.o
HAL_TIM_Base_DeInit                               build/stm32f1xx_hal_tim.o
HAL_TIM_Base_GetState                             build/stm32f1xx_hal_tim.o
HAL_TIM_Base_Init                                 build/stm32f1xx_hal_tim.o
HAL_TIM_Base_MspDeInit                            build/stm32f1xx_hal_tim.o
HAL_TIM_Base_MspInit                              build/stm32f1xx_hal_tim.o
HAL_TIM_Base_Start                                build/stm32f1xx_hal_tim.o
HAL_TIM_Base_Start_DMA                            build/stm32f1xx_hal_tim.o
HAL_TIM_Base_Start_IT                             build/stm32f1xx_hal_tim.o
HAL_TIM_Base_Stop                                 build/stm32f1xx_hal_tim.o
HAL_TIM_Base_Stop_DMA                             build/stm32f1xx_hal_tim.o
HAL_TIM_Base_Stop_IT                              build/stm32f1xx_hal_tim.o
HAL_TIM_ConfigClockSource                         build/stm32f1xx_hal_tim.o
HAL_TIM_ConfigOCrefClear                          build/stm32f1xx_hal_tim.o
HAL_TIM_ConfigTI1Input                            build/stm32f1xx_hal_tim.o
HAL_TIM_DMABurstState                             build/stm32f1xx_hal_tim.o